Archive member included to satisfy reference by file (symbol)

C:/PROGRA~2/ARMGNU~1/14EFD8~1.2RE/bin/../lib/gcc/arm-none-eabi/14.2.1/thumb/v7-m/nofp\libc_nano.a(libc_a-exit.o)
                              C:/PROGRA~2/ARMGNU~1/14EFD8~1.2RE/bin/../lib/gcc/arm-none-eabi/14.2.1/thumb/v7-m/nofp/crt0.o (exit)
C:/PROGRA~2/ARMGNU~1/14EFD8~1.2RE/bin/../lib/gcc/arm-none-eabi/14.2.1/thumb/v7-m/nofp\libc_nano.a(libc_a-findfp.o)
                              C:/PROGRA~2/ARMGNU~1/14EFD8~1.2RE/bin/../lib/gcc/arm-none-eabi/14.2.1/thumb/v7-m/nofp\libc_nano.a(libc_a-exit.o) (__stdio_exit_handler)
C:/PROGRA~2/ARMGNU~1/14EFD8~1.2RE/bin/../lib/gcc/arm-none-eabi/14.2.1/thumb/v7-m/nofp\libc_nano.a(libc_a-fwalk.o)
                              C:/PROGRA~2/ARMGNU~1/14EFD8~1.2RE/bin/../lib/gcc/arm-none-eabi/14.2.1/thumb/v7-m/nofp\libc_nano.a(libc_a-findfp.o) (_fwalk_sglue)
C:/PROGRA~2/ARMGNU~1/14EFD8~1.2RE/bin/../lib/gcc/arm-none-eabi/14.2.1/thumb/v7-m/nofp\libc_nano.a(libc_a-stdio.o)
                              C:/PROGRA~2/ARMGNU~1/14EFD8~1.2RE/bin/../lib/gcc/arm-none-eabi/14.2.1/thumb/v7-m/nofp\libc_nano.a(libc_a-findfp.o) (__sread)
C:/PROGRA~2/ARMGNU~1/14EFD8~1.2RE/bin/../lib/gcc/arm-none-eabi/14.2.1/thumb/v7-m/nofp\libc_nano.a(libc_a-memset.o)
                              C:/PROGRA~2/ARMGNU~1/14EFD8~1.2RE/bin/../lib/gcc/arm-none-eabi/14.2.1/thumb/v7-m/nofp/crt0.o (memset)
C:/PROGRA~2/ARMGNU~1/14EFD8~1.2RE/bin/../lib/gcc/arm-none-eabi/14.2.1/thumb/v7-m/nofp\libc_nano.a(libc_a-closer.o)
                              C:/PROGRA~2/ARMGNU~1/14EFD8~1.2RE/bin/../lib/gcc/arm-none-eabi/14.2.1/thumb/v7-m/nofp\libc_nano.a(libc_a-stdio.o) (_close_r)
C:/PROGRA~2/ARMGNU~1/14EFD8~1.2RE/bin/../lib/gcc/arm-none-eabi/14.2.1/thumb/v7-m/nofp\libc_nano.a(libc_a-reent.o)
                              C:/PROGRA~2/ARMGNU~1/14EFD8~1.2RE/bin/../lib/gcc/arm-none-eabi/14.2.1/thumb/v7-m/nofp\libc_nano.a(libc_a-closer.o) (errno)
C:/PROGRA~2/ARMGNU~1/14EFD8~1.2RE/bin/../lib/gcc/arm-none-eabi/14.2.1/thumb/v7-m/nofp\libc_nano.a(libc_a-impure.o)
                              C:/PROGRA~2/ARMGNU~1/14EFD8~1.2RE/bin/../lib/gcc/arm-none-eabi/14.2.1/thumb/v7-m/nofp\libc_nano.a(libc_a-reent.o) (_impure_ptr)
C:/PROGRA~2/ARMGNU~1/14EFD8~1.2RE/bin/../lib/gcc/arm-none-eabi/14.2.1/thumb/v7-m/nofp\libc_nano.a(libc_a-lseekr.o)
                              C:/PROGRA~2/ARMGNU~1/14EFD8~1.2RE/bin/../lib/gcc/arm-none-eabi/14.2.1/thumb/v7-m/nofp\libc_nano.a(libc_a-stdio.o) (_lseek_r)
C:/PROGRA~2/ARMGNU~1/14EFD8~1.2RE/bin/../lib/gcc/arm-none-eabi/14.2.1/thumb/v7-m/nofp\libc_nano.a(libc_a-readr.o)
                              C:/PROGRA~2/ARMGNU~1/14EFD8~1.2RE/bin/../lib/gcc/arm-none-eabi/14.2.1/thumb/v7-m/nofp\libc_nano.a(libc_a-stdio.o) (_read_r)
C:/PROGRA~2/ARMGNU~1/14EFD8~1.2RE/bin/../lib/gcc/arm-none-eabi/14.2.1/thumb/v7-m/nofp\libc_nano.a(libc_a-writer.o)
                              C:/PROGRA~2/ARMGNU~1/14EFD8~1.2RE/bin/../lib/gcc/arm-none-eabi/14.2.1/thumb/v7-m/nofp\libc_nano.a(libc_a-stdio.o) (_write_r)
C:/PROGRA~2/ARMGNU~1/14EFD8~1.2RE/bin/../lib/gcc/arm-none-eabi/14.2.1/thumb/v7-m/nofp\libc_nano.a(libc_a-init.o)
                              C:/PROGRA~2/ARMGNU~1/14EFD8~1.2RE/bin/../lib/gcc/arm-none-eabi/14.2.1/thumb/v7-m/nofp/crt0.o (__libc_init_array)
C:/PROGRA~2/ARMGNU~1/14EFD8~1.2RE/bin/../lib/gcc/arm-none-eabi/14.2.1/thumb/v7-m/nofp\libc_nano.a(libc_a-lock.o)
                              C:/PROGRA~2/ARMGNU~1/14EFD8~1.2RE/bin/../lib/gcc/arm-none-eabi/14.2.1/thumb/v7-m/nofp\libc_nano.a(libc_a-findfp.o) (__retarget_lock_init_recursive)
C:/PROGRA~2/ARMGNU~1/14EFD8~1.2RE/bin/../lib/gcc/arm-none-eabi/14.2.1/thumb/v7-m/nofp\libc_nano.a(libc_a-freer.o)
                              C:/PROGRA~2/ARMGNU~1/14EFD8~1.2RE/bin/../lib/gcc/arm-none-eabi/14.2.1/thumb/v7-m/nofp\libc_nano.a(libc_a-reent.o) (_free_r)
C:/PROGRA~2/ARMGNU~1/14EFD8~1.2RE/bin/../lib/gcc/arm-none-eabi/14.2.1/thumb/v7-m/nofp\libc_nano.a(libc_a-mallocr.o)
                              C:/PROGRA~2/ARMGNU~1/14EFD8~1.2RE/bin/../lib/gcc/arm-none-eabi/14.2.1/thumb/v7-m/nofp\libc_nano.a(libc_a-findfp.o) (_malloc_r)
C:/PROGRA~2/ARMGNU~1/14EFD8~1.2RE/bin/../lib/gcc/arm-none-eabi/14.2.1/thumb/v7-m/nofp\libc_nano.a(libc_a-mlock.o)
                              C:/PROGRA~2/ARMGNU~1/14EFD8~1.2RE/bin/../lib/gcc/arm-none-eabi/14.2.1/thumb/v7-m/nofp\libc_nano.a(libc_a-freer.o) (__malloc_lock)
C:/PROGRA~2/ARMGNU~1/14EFD8~1.2RE/bin/../lib/gcc/arm-none-eabi/14.2.1/thumb/v7-m/nofp\libc_nano.a(libc_a-fflush.o)
                              C:/PROGRA~2/ARMGNU~1/14EFD8~1.2RE/bin/../lib/gcc/arm-none-eabi/14.2.1/thumb/v7-m/nofp\libc_nano.a(libc_a-findfp.o) (_fflush_r)
C:/PROGRA~2/ARMGNU~1/14EFD8~1.2RE/bin/../lib/gcc/arm-none-eabi/14.2.1/thumb/v7-m/nofp\libc_nano.a(libc_a-sbrkr.o)
                              C:/PROGRA~2/ARMGNU~1/14EFD8~1.2RE/bin/../lib/gcc/arm-none-eabi/14.2.1/thumb/v7-m/nofp\libc_nano.a(libc_a-mallocr.o) (_sbrk_r)
C:/PROGRA~2/ARMGNU~1/14EFD8~1.2RE/bin/../lib/gcc/arm-none-eabi/14.2.1/thumb/v7-m/nofp\libgcc.a(_arm_mulsf3.o)
                              CMakeFiles/stm32f103_aht20_baremetal.dir/uart_handler.c.obj (__aeabi_fmul)
C:/PROGRA~2/ARMGNU~1/14EFD8~1.2RE/bin/../lib/gcc/arm-none-eabi/14.2.1/thumb/v7-m/nofp\libgcc.a(_arm_addsubsf3.o)
                              CMakeFiles/stm32f103_aht20_baremetal.dir/uart_handler.c.obj (__aeabi_fsub)
C:/PROGRA~2/ARMGNU~1/14EFD8~1.2RE/bin/../lib/gcc/arm-none-eabi/14.2.1/thumb/v7-m/nofp\libgcc.a(_arm_fixsfsi.o)
                              CMakeFiles/stm32f103_aht20_baremetal.dir/uart_handler.c.obj (__aeabi_f2iz)
C:/PROGRA~2/ARMGNU~1/14EFD8~1.2RE/bin/../lib/gcc/arm-none-eabi/14.2.1/thumb/v7-m/nofp\libgcc.a(_arm_fixunssfsi.o)
                              CMakeFiles/stm32f103_aht20_baremetal.dir/uart_handler.c.obj (__aeabi_f2uiz)

Discarded input sections

 .text          0x00000000        0x0 C:/PROGRA~2/ARMGNU~1/14EFD8~1.2RE/bin/../lib/gcc/arm-none-eabi/14.2.1/thumb/v7-m/nofp/crti.o
 .data          0x00000000        0x0 C:/PROGRA~2/ARMGNU~1/14EFD8~1.2RE/bin/../lib/gcc/arm-none-eabi/14.2.1/thumb/v7-m/nofp/crti.o
 .bss           0x00000000        0x0 C:/PROGRA~2/ARMGNU~1/14EFD8~1.2RE/bin/../lib/gcc/arm-none-eabi/14.2.1/thumb/v7-m/nofp/crti.o
 .text          0x00000000        0x0 C:/PROGRA~2/ARMGNU~1/14EFD8~1.2RE/bin/../lib/gcc/arm-none-eabi/14.2.1/thumb/v7-m/nofp/crtbegin.o
 .data          0x00000000        0x0 C:/PROGRA~2/ARMGNU~1/14EFD8~1.2RE/bin/../lib/gcc/arm-none-eabi/14.2.1/thumb/v7-m/nofp/crtbegin.o
 .bss           0x00000000        0x0 C:/PROGRA~2/ARMGNU~1/14EFD8~1.2RE/bin/../lib/gcc/arm-none-eabi/14.2.1/thumb/v7-m/nofp/crtbegin.o
 .rodata.all_implied_fbits
                0x00000000       0x24 C:/PROGRA~2/ARMGNU~1/14EFD8~1.2RE/bin/../lib/gcc/arm-none-eabi/14.2.1/thumb/v7-m/nofp/crtbegin.o
 .data.__dso_handle
                0x00000000        0x4 C:/PROGRA~2/ARMGNU~1/14EFD8~1.2RE/bin/../lib/gcc/arm-none-eabi/14.2.1/thumb/v7-m/nofp/crtbegin.o
 .text          0x00000000       0x7c C:/PROGRA~2/ARMGNU~1/14EFD8~1.2RE/bin/../lib/gcc/arm-none-eabi/14.2.1/thumb/v7-m/nofp/crt0.o
 .data          0x00000000        0x0 C:/PROGRA~2/ARMGNU~1/14EFD8~1.2RE/bin/../lib/gcc/arm-none-eabi/14.2.1/thumb/v7-m/nofp/crt0.o
 .bss           0x00000000        0x0 C:/PROGRA~2/ARMGNU~1/14EFD8~1.2RE/bin/../lib/gcc/arm-none-eabi/14.2.1/thumb/v7-m/nofp/crt0.o
 .ARM.extab     0x00000000        0x0 C:/PROGRA~2/ARMGNU~1/14EFD8~1.2RE/bin/../lib/gcc/arm-none-eabi/14.2.1/thumb/v7-m/nofp/crt0.o
 .ARM.exidx     0x00000000       0x10 C:/PROGRA~2/ARMGNU~1/14EFD8~1.2RE/bin/../lib/gcc/arm-none-eabi/14.2.1/thumb/v7-m/nofp/crt0.o
 .debug_line_str
                0x00000000       0xd2 C:/PROGRA~2/ARMGNU~1/14EFD8~1.2RE/bin/../lib/gcc/arm-none-eabi/14.2.1/thumb/v7-m/nofp/crt0.o
 .ARM.attributes
                0x00000000       0x1b C:/PROGRA~2/ARMGNU~1/14EFD8~1.2RE/bin/../lib/gcc/arm-none-eabi/14.2.1/thumb/v7-m/nofp/crt0.o
 .text          0x00000000        0x0 C:/PROGRA~2/ARMGNU~1/14EFD8~1.2RE/bin/../lib/gcc/arm-none-eabi/14.2.1/thumb/v7-m/nofp\libc_nano.a(libc_a-exit.o)
 .data          0x00000000        0x0 C:/PROGRA~2/ARMGNU~1/14EFD8~1.2RE/bin/../lib/gcc/arm-none-eabi/14.2.1/thumb/v7-m/nofp\libc_nano.a(libc_a-exit.o)
 .bss           0x00000000        0x0 C:/PROGRA~2/ARMGNU~1/14EFD8~1.2RE/bin/../lib/gcc/arm-none-eabi/14.2.1/thumb/v7-m/nofp\libc_nano.a(libc_a-exit.o)
 .text.exit     0x00000000       0x24 C:/PROGRA~2/ARMGNU~1/14EFD8~1.2RE/bin/../lib/gcc/arm-none-eabi/14.2.1/thumb/v7-m/nofp\libc_nano.a(libc_a-exit.o)
 .debug_frame   0x00000000       0x28 C:/PROGRA~2/ARMGNU~1/14EFD8~1.2RE/bin/../lib/gcc/arm-none-eabi/14.2.1/thumb/v7-m/nofp\libc_nano.a(libc_a-exit.o)
 .ARM.attributes
                0x00000000       0x2d C:/PROGRA~2/ARMGNU~1/14EFD8~1.2RE/bin/../lib/gcc/arm-none-eabi/14.2.1/thumb/v7-m/nofp\libc_nano.a(libc_a-exit.o)
 .text          0x00000000        0x0 C:/PROGRA~2/ARMGNU~1/14EFD8~1.2RE/bin/../lib/gcc/arm-none-eabi/14.2.1/thumb/v7-m/nofp\libc_nano.a(libc_a-findfp.o)
 .data          0x00000000        0x0 C:/PROGRA~2/ARMGNU~1/14EFD8~1.2RE/bin/../lib/gcc/arm-none-eabi/14.2.1/thumb/v7-m/nofp\libc_nano.a(libc_a-findfp.o)
 .bss           0x00000000        0x0 C:/PROGRA~2/ARMGNU~1/14EFD8~1.2RE/bin/../lib/gcc/arm-none-eabi/14.2.1/thumb/v7-m/nofp\libc_nano.a(libc_a-findfp.o)
 .text.std      0x00000000       0x6c C:/PROGRA~2/ARMGNU~1/14EFD8~1.2RE/bin/../lib/gcc/arm-none-eabi/14.2.1/thumb/v7-m/nofp\libc_nano.a(libc_a-findfp.o)
 .text.stdio_exit_handler
                0x00000000       0x18 C:/PROGRA~2/ARMGNU~1/14EFD8~1.2RE/bin/../lib/gcc/arm-none-eabi/14.2.1/thumb/v7-m/nofp\libc_nano.a(libc_a-findfp.o)
 .text.cleanup_stdio
                0x00000000       0x40 C:/PROGRA~2/ARMGNU~1/14EFD8~1.2RE/bin/../lib/gcc/arm-none-eabi/14.2.1/thumb/v7-m/nofp\libc_nano.a(libc_a-findfp.o)
 .text.__fp_lock
                0x00000000       0x18 C:/PROGRA~2/ARMGNU~1/14EFD8~1.2RE/bin/../lib/gcc/arm-none-eabi/14.2.1/thumb/v7-m/nofp\libc_nano.a(libc_a-findfp.o)
 .text.__fp_unlock
                0x00000000       0x18 C:/PROGRA~2/ARMGNU~1/14EFD8~1.2RE/bin/../lib/gcc/arm-none-eabi/14.2.1/thumb/v7-m/nofp\libc_nano.a(libc_a-findfp.o)
 .text.global_stdio_init.part.0
                0x00000000       0x40 C:/PROGRA~2/ARMGNU~1/14EFD8~1.2RE/bin/../lib/gcc/arm-none-eabi/14.2.1/thumb/v7-m/nofp\libc_nano.a(libc_a-findfp.o)
 .text.__sfp_lock_acquire
                0x00000000        0xc C:/PROGRA~2/ARMGNU~1/14EFD8~1.2RE/bin/../lib/gcc/arm-none-eabi/14.2.1/thumb/v7-m/nofp\libc_nano.a(libc_a-findfp.o)
 .text.__sfp_lock_release
                0x00000000        0xc C:/PROGRA~2/ARMGNU~1/14EFD8~1.2RE/bin/../lib/gcc/arm-none-eabi/14.2.1/thumb/v7-m/nofp\libc_nano.a(libc_a-findfp.o)
 .text.__sfp    0x00000000       0xa4 C:/PROGRA~2/ARMGNU~1/14EFD8~1.2RE/bin/../lib/gcc/arm-none-eabi/14.2.1/thumb/v7-m/nofp\libc_nano.a(libc_a-findfp.o)
 .text.__sinit  0x00000000       0x30 C:/PROGRA~2/ARMGNU~1/14EFD8~1.2RE/bin/../lib/gcc/arm-none-eabi/14.2.1/thumb/v7-m/nofp\libc_nano.a(libc_a-findfp.o)
 .text.__fp_lock_all
                0x00000000       0x1c C:/PROGRA~2/ARMGNU~1/14EFD8~1.2RE/bin/../lib/gcc/arm-none-eabi/14.2.1/thumb/v7-m/nofp\libc_nano.a(libc_a-findfp.o)
 .text.__fp_unlock_all
                0x00000000       0x1c C:/PROGRA~2/ARMGNU~1/14EFD8~1.2RE/bin/../lib/gcc/arm-none-eabi/14.2.1/thumb/v7-m/nofp\libc_nano.a(libc_a-findfp.o)
 .data.__sglue  0x00000000        0xc C:/PROGRA~2/ARMGNU~1/14EFD8~1.2RE/bin/../lib/gcc/arm-none-eabi/14.2.1/thumb/v7-m/nofp\libc_nano.a(libc_a-findfp.o)
 .bss.__sf      0x00000000      0x138 C:/PROGRA~2/ARMGNU~1/14EFD8~1.2RE/bin/../lib/gcc/arm-none-eabi/14.2.1/thumb/v7-m/nofp\libc_nano.a(libc_a-findfp.o)
 .bss.__stdio_exit_handler
                0x00000000        0x4 C:/PROGRA~2/ARMGNU~1/14EFD8~1.2RE/bin/../lib/gcc/arm-none-eabi/14.2.1/thumb/v7-m/nofp\libc_nano.a(libc_a-findfp.o)
 .debug_frame   0x00000000      0x144 C:/PROGRA~2/ARMGNU~1/14EFD8~1.2RE/bin/../lib/gcc/arm-none-eabi/14.2.1/thumb/v7-m/nofp\libc_nano.a(libc_a-findfp.o)
 .ARM.attributes
                0x00000000       0x2d C:/PROGRA~2/ARMGNU~1/14EFD8~1.2RE/bin/../lib/gcc/arm-none-eabi/14.2.1/thumb/v7-m/nofp\libc_nano.a(libc_a-findfp.o)
 .text          0x00000000        0x0 C:/PROGRA~2/ARMGNU~1/14EFD8~1.2RE/bin/../lib/gcc/arm-none-eabi/14.2.1/thumb/v7-m/nofp\libc_nano.a(libc_a-fwalk.o)
 .data          0x00000000        0x0 C:/PROGRA~2/ARMGNU~1/14EFD8~1.2RE/bin/../lib/gcc/arm-none-eabi/14.2.1/thumb/v7-m/nofp\libc_nano.a(libc_a-fwalk.o)
 .bss           0x00000000        0x0 C:/PROGRA~2/ARMGNU~1/14EFD8~1.2RE/bin/../lib/gcc/arm-none-eabi/14.2.1/thumb/v7-m/nofp\libc_nano.a(libc_a-fwalk.o)
 .text._fwalk_sglue
                0x00000000       0x3c C:/PROGRA~2/ARMGNU~1/14EFD8~1.2RE/bin/../lib/gcc/arm-none-eabi/14.2.1/thumb/v7-m/nofp\libc_nano.a(libc_a-fwalk.o)
 .debug_frame   0x00000000       0x34 C:/PROGRA~2/ARMGNU~1/14EFD8~1.2RE/bin/../lib/gcc/arm-none-eabi/14.2.1/thumb/v7-m/nofp\libc_nano.a(libc_a-fwalk.o)
 .ARM.attributes
                0x00000000       0x2d C:/PROGRA~2/ARMGNU~1/14EFD8~1.2RE/bin/../lib/gcc/arm-none-eabi/14.2.1/thumb/v7-m/nofp\libc_nano.a(libc_a-fwalk.o)
 .text          0x00000000        0x0 C:/PROGRA~2/ARMGNU~1/14EFD8~1.2RE/bin/../lib/gcc/arm-none-eabi/14.2.1/thumb/v7-m/nofp\libc_nano.a(libc_a-stdio.o)
 .data          0x00000000        0x0 C:/PROGRA~2/ARMGNU~1/14EFD8~1.2RE/bin/../lib/gcc/arm-none-eabi/14.2.1/thumb/v7-m/nofp\libc_nano.a(libc_a-stdio.o)
 .bss           0x00000000        0x0 C:/PROGRA~2/ARMGNU~1/14EFD8~1.2RE/bin/../lib/gcc/arm-none-eabi/14.2.1/thumb/v7-m/nofp\libc_nano.a(libc_a-stdio.o)
 .text.__sread  0x00000000       0x22 C:/PROGRA~2/ARMGNU~1/14EFD8~1.2RE/bin/../lib/gcc/arm-none-eabi/14.2.1/thumb/v7-m/nofp\libc_nano.a(libc_a-stdio.o)
 .text.__seofread
                0x00000000        0x4 C:/PROGRA~2/ARMGNU~1/14EFD8~1.2RE/bin/../lib/gcc/arm-none-eabi/14.2.1/thumb/v7-m/nofp\libc_nano.a(libc_a-stdio.o)
 .text.__swrite
                0x00000000       0x38 C:/PROGRA~2/ARMGNU~1/14EFD8~1.2RE/bin/../lib/gcc/arm-none-eabi/14.2.1/thumb/v7-m/nofp\libc_nano.a(libc_a-stdio.o)
 .text.__sseek  0x00000000       0x26 C:/PROGRA~2/ARMGNU~1/14EFD8~1.2RE/bin/../lib/gcc/arm-none-eabi/14.2.1/thumb/v7-m/nofp\libc_nano.a(libc_a-stdio.o)
 .text.__sclose
                0x00000000        0x8 C:/PROGRA~2/ARMGNU~1/14EFD8~1.2RE/bin/../lib/gcc/arm-none-eabi/14.2.1/thumb/v7-m/nofp\libc_nano.a(libc_a-stdio.o)
 .debug_frame   0x00000000       0x88 C:/PROGRA~2/ARMGNU~1/14EFD8~1.2RE/bin/../lib/gcc/arm-none-eabi/14.2.1/thumb/v7-m/nofp\libc_nano.a(libc_a-stdio.o)
 .ARM.attributes
                0x00000000       0x2d C:/PROGRA~2/ARMGNU~1/14EFD8~1.2RE/bin/../lib/gcc/arm-none-eabi/14.2.1/thumb/v7-m/nofp\libc_nano.a(libc_a-stdio.o)
 .text          0x00000000        0x0 C:/PROGRA~2/ARMGNU~1/14EFD8~1.2RE/bin/../lib/gcc/arm-none-eabi/14.2.1/thumb/v7-m/nofp\libc_nano.a(libc_a-memset.o)
 .data          0x00000000        0x0 C:/PROGRA~2/ARMGNU~1/14EFD8~1.2RE/bin/../lib/gcc/arm-none-eabi/14.2.1/thumb/v7-m/nofp\libc_nano.a(libc_a-memset.o)
 .bss           0x00000000        0x0 C:/PROGRA~2/ARMGNU~1/14EFD8~1.2RE/bin/../lib/gcc/arm-none-eabi/14.2.1/thumb/v7-m/nofp\libc_nano.a(libc_a-memset.o)
 .text.memset   0x00000000       0x10 C:/PROGRA~2/ARMGNU~1/14EFD8~1.2RE/bin/../lib/gcc/arm-none-eabi/14.2.1/thumb/v7-m/nofp\libc_nano.a(libc_a-memset.o)
 .debug_frame   0x00000000       0x20 C:/PROGRA~2/ARMGNU~1/14EFD8~1.2RE/bin/../lib/gcc/arm-none-eabi/14.2.1/thumb/v7-m/nofp\libc_nano.a(libc_a-memset.o)
 .ARM.attributes
                0x00000000       0x2d C:/PROGRA~2/ARMGNU~1/14EFD8~1.2RE/bin/../lib/gcc/arm-none-eabi/14.2.1/thumb/v7-m/nofp\libc_nano.a(libc_a-memset.o)
 .text          0x00000000        0x0 C:/PROGRA~2/ARMGNU~1/14EFD8~1.2RE/bin/../lib/gcc/arm-none-eabi/14.2.1/thumb/v7-m/nofp\libc_nano.a(libc_a-closer.o)
 .data          0x00000000        0x0 C:/PROGRA~2/ARMGNU~1/14EFD8~1.2RE/bin/../lib/gcc/arm-none-eabi/14.2.1/thumb/v7-m/nofp\libc_nano.a(libc_a-closer.o)
 .bss           0x00000000        0x0 C:/PROGRA~2/ARMGNU~1/14EFD8~1.2RE/bin/../lib/gcc/arm-none-eabi/14.2.1/thumb/v7-m/nofp\libc_nano.a(libc_a-closer.o)
 .text._close_r
                0x00000000       0x20 C:/PROGRA~2/ARMGNU~1/14EFD8~1.2RE/bin/../lib/gcc/arm-none-eabi/14.2.1/thumb/v7-m/nofp\libc_nano.a(libc_a-closer.o)
 .debug_frame   0x00000000       0x2c C:/PROGRA~2/ARMGNU~1/14EFD8~1.2RE/bin/../lib/gcc/arm-none-eabi/14.2.1/thumb/v7-m/nofp\libc_nano.a(libc_a-closer.o)
 .ARM.attributes
                0x00000000       0x2d C:/PROGRA~2/ARMGNU~1/14EFD8~1.2RE/bin/../lib/gcc/arm-none-eabi/14.2.1/thumb/v7-m/nofp\libc_nano.a(libc_a-closer.o)
 .text          0x00000000        0x0 C:/PROGRA~2/ARMGNU~1/14EFD8~1.2RE/bin/../lib/gcc/arm-none-eabi/14.2.1/thumb/v7-m/nofp\libc_nano.a(libc_a-reent.o)
 .data          0x00000000        0x0 C:/PROGRA~2/ARMGNU~1/14EFD8~1.2RE/bin/../lib/gcc/arm-none-eabi/14.2.1/thumb/v7-m/nofp\libc_nano.a(libc_a-reent.o)
 .bss           0x00000000        0x0 C:/PROGRA~2/ARMGNU~1/14EFD8~1.2RE/bin/../lib/gcc/arm-none-eabi/14.2.1/thumb/v7-m/nofp\libc_nano.a(libc_a-reent.o)
 .text._reclaim_reent
                0x00000000       0xbc C:/PROGRA~2/ARMGNU~1/14EFD8~1.2RE/bin/../lib/gcc/arm-none-eabi/14.2.1/thumb/v7-m/nofp\libc_nano.a(libc_a-reent.o)
 .bss.errno     0x00000000        0x4 C:/PROGRA~2/ARMGNU~1/14EFD8~1.2RE/bin/../lib/gcc/arm-none-eabi/14.2.1/thumb/v7-m/nofp\libc_nano.a(libc_a-reent.o)
 .debug_frame   0x00000000       0x38 C:/PROGRA~2/ARMGNU~1/14EFD8~1.2RE/bin/../lib/gcc/arm-none-eabi/14.2.1/thumb/v7-m/nofp\libc_nano.a(libc_a-reent.o)
 .ARM.attributes
                0x00000000       0x2d C:/PROGRA~2/ARMGNU~1/14EFD8~1.2RE/bin/../lib/gcc/arm-none-eabi/14.2.1/thumb/v7-m/nofp\libc_nano.a(libc_a-reent.o)
 .text          0x00000000        0x0 C:/PROGRA~2/ARMGNU~1/14EFD8~1.2RE/bin/../lib/gcc/arm-none-eabi/14.2.1/thumb/v7-m/nofp\libc_nano.a(libc_a-impure.o)
 .data          0x00000000        0x0 C:/PROGRA~2/ARMGNU~1/14EFD8~1.2RE/bin/../lib/gcc/arm-none-eabi/14.2.1/thumb/v7-m/nofp\libc_nano.a(libc_a-impure.o)
 .bss           0x00000000        0x0 C:/PROGRA~2/ARMGNU~1/14EFD8~1.2RE/bin/../lib/gcc/arm-none-eabi/14.2.1/thumb/v7-m/nofp\libc_nano.a(libc_a-impure.o)
 .data._impure_ptr
                0x00000000        0x4 C:/PROGRA~2/ARMGNU~1/14EFD8~1.2RE/bin/../lib/gcc/arm-none-eabi/14.2.1/thumb/v7-m/nofp\libc_nano.a(libc_a-impure.o)
 .data._impure_data
                0x00000000       0x4c C:/PROGRA~2/ARMGNU~1/14EFD8~1.2RE/bin/../lib/gcc/arm-none-eabi/14.2.1/thumb/v7-m/nofp\libc_nano.a(libc_a-impure.o)
 .ARM.attributes
                0x00000000       0x2d C:/PROGRA~2/ARMGNU~1/14EFD8~1.2RE/bin/../lib/gcc/arm-none-eabi/14.2.1/thumb/v7-m/nofp\libc_nano.a(libc_a-impure.o)
 .text          0x00000000        0x0 C:/PROGRA~2/ARMGNU~1/14EFD8~1.2RE/bin/../lib/gcc/arm-none-eabi/14.2.1/thumb/v7-m/nofp\libc_nano.a(libc_a-lseekr.o)
 .data          0x00000000        0x0 C:/PROGRA~2/ARMGNU~1/14EFD8~1.2RE/bin/../lib/gcc/arm-none-eabi/14.2.1/thumb/v7-m/nofp\libc_nano.a(libc_a-lseekr.o)
 .bss           0x00000000        0x0 C:/PROGRA~2/ARMGNU~1/14EFD8~1.2RE/bin/../lib/gcc/arm-none-eabi/14.2.1/thumb/v7-m/nofp\libc_nano.a(libc_a-lseekr.o)
 .text._lseek_r
                0x00000000       0x24 C:/PROGRA~2/ARMGNU~1/14EFD8~1.2RE/bin/../lib/gcc/arm-none-eabi/14.2.1/thumb/v7-m/nofp\libc_nano.a(libc_a-lseekr.o)
 .debug_frame   0x00000000       0x2c C:/PROGRA~2/ARMGNU~1/14EFD8~1.2RE/bin/../lib/gcc/arm-none-eabi/14.2.1/thumb/v7-m/nofp\libc_nano.a(libc_a-lseekr.o)
 .ARM.attributes
                0x00000000       0x2d C:/PROGRA~2/ARMGNU~1/14EFD8~1.2RE/bin/../lib/gcc/arm-none-eabi/14.2.1/thumb/v7-m/nofp\libc_nano.a(libc_a-lseekr.o)
 .text          0x00000000        0x0 C:/PROGRA~2/ARMGNU~1/14EFD8~1.2RE/bin/../lib/gcc/arm-none-eabi/14.2.1/thumb/v7-m/nofp\libc_nano.a(libc_a-readr.o)
 .data          0x00000000        0x0 C:/PROGRA~2/ARMGNU~1/14EFD8~1.2RE/bin/../lib/gcc/arm-none-eabi/14.2.1/thumb/v7-m/nofp\libc_nano.a(libc_a-readr.o)
 .bss           0x00000000        0x0 C:/PROGRA~2/ARMGNU~1/14EFD8~1.2RE/bin/../lib/gcc/arm-none-eabi/14.2.1/thumb/v7-m/nofp\libc_nano.a(libc_a-readr.o)
 .text._read_r  0x00000000       0x24 C:/PROGRA~2/ARMGNU~1/14EFD8~1.2RE/bin/../lib/gcc/arm-none-eabi/14.2.1/thumb/v7-m/nofp\libc_nano.a(libc_a-readr.o)
 .debug_frame   0x00000000       0x2c C:/PROGRA~2/ARMGNU~1/14EFD8~1.2RE/bin/../lib/gcc/arm-none-eabi/14.2.1/thumb/v7-m/nofp\libc_nano.a(libc_a-readr.o)
 .ARM.attributes
                0x00000000       0x2d C:/PROGRA~2/ARMGNU~1/14EFD8~1.2RE/bin/../lib/gcc/arm-none-eabi/14.2.1/thumb/v7-m/nofp\libc_nano.a(libc_a-readr.o)
 .text          0x00000000        0x0 C:/PROGRA~2/ARMGNU~1/14EFD8~1.2RE/bin/../lib/gcc/arm-none-eabi/14.2.1/thumb/v7-m/nofp\libc_nano.a(libc_a-writer.o)
 .data          0x00000000        0x0 C:/PROGRA~2/ARMGNU~1/14EFD8~1.2RE/bin/../lib/gcc/arm-none-eabi/14.2.1/thumb/v7-m/nofp\libc_nano.a(libc_a-writer.o)
 .bss           0x00000000        0x0 C:/PROGRA~2/ARMGNU~1/14EFD8~1.2RE/bin/../lib/gcc/arm-none-eabi/14.2.1/thumb/v7-m/nofp\libc_nano.a(libc_a-writer.o)
 .text._write_r
                0x00000000       0x24 C:/PROGRA~2/ARMGNU~1/14EFD8~1.2RE/bin/../lib/gcc/arm-none-eabi/14.2.1/thumb/v7-m/nofp\libc_nano.a(libc_a-writer.o)
 .debug_frame   0x00000000       0x2c C:/PROGRA~2/ARMGNU~1/14EFD8~1.2RE/bin/../lib/gcc/arm-none-eabi/14.2.1/thumb/v7-m/nofp\libc_nano.a(libc_a-writer.o)
 .ARM.attributes
                0x00000000       0x2d C:/PROGRA~2/ARMGNU~1/14EFD8~1.2RE/bin/../lib/gcc/arm-none-eabi/14.2.1/thumb/v7-m/nofp\libc_nano.a(libc_a-writer.o)
 .text          0x00000000        0x0 C:/PROGRA~2/ARMGNU~1/14EFD8~1.2RE/bin/../lib/gcc/arm-none-eabi/14.2.1/thumb/v7-m/nofp\libc_nano.a(libc_a-init.o)
 .data          0x00000000        0x0 C:/PROGRA~2/ARMGNU~1/14EFD8~1.2RE/bin/../lib/gcc/arm-none-eabi/14.2.1/thumb/v7-m/nofp\libc_nano.a(libc_a-init.o)
 .bss           0x00000000        0x0 C:/PROGRA~2/ARMGNU~1/14EFD8~1.2RE/bin/../lib/gcc/arm-none-eabi/14.2.1/thumb/v7-m/nofp\libc_nano.a(libc_a-init.o)
 .text          0x00000000        0x0 C:/PROGRA~2/ARMGNU~1/14EFD8~1.2RE/bin/../lib/gcc/arm-none-eabi/14.2.1/thumb/v7-m/nofp\libc_nano.a(libc_a-lock.o)
 .data          0x00000000        0x0 C:/PROGRA~2/ARMGNU~1/14EFD8~1.2RE/bin/../lib/gcc/arm-none-eabi/14.2.1/thumb/v7-m/nofp\libc_nano.a(libc_a-lock.o)
 .bss           0x00000000        0x0 C:/PROGRA~2/ARMGNU~1/14EFD8~1.2RE/bin/../lib/gcc/arm-none-eabi/14.2.1/thumb/v7-m/nofp\libc_nano.a(libc_a-lock.o)
 .text.__retarget_lock_init
                0x00000000        0x2 C:/PROGRA~2/ARMGNU~1/14EFD8~1.2RE/bin/../lib/gcc/arm-none-eabi/14.2.1/thumb/v7-m/nofp\libc_nano.a(libc_a-lock.o)
 .text.__retarget_lock_init_recursive
                0x00000000        0x2 C:/PROGRA~2/ARMGNU~1/14EFD8~1.2RE/bin/../lib/gcc/arm-none-eabi/14.2.1/thumb/v7-m/nofp\libc_nano.a(libc_a-lock.o)
 .text.__retarget_lock_close
                0x00000000        0x2 C:/PROGRA~2/ARMGNU~1/14EFD8~1.2RE/bin/../lib/gcc/arm-none-eabi/14.2.1/thumb/v7-m/nofp\libc_nano.a(libc_a-lock.o)
 .text.__retarget_lock_close_recursive
                0x00000000        0x2 C:/PROGRA~2/ARMGNU~1/14EFD8~1.2RE/bin/../lib/gcc/arm-none-eabi/14.2.1/thumb/v7-m/nofp\libc_nano.a(libc_a-lock.o)
 .text.__retarget_lock_acquire
                0x00000000        0x2 C:/PROGRA~2/ARMGNU~1/14EFD8~1.2RE/bin/../lib/gcc/arm-none-eabi/14.2.1/thumb/v7-m/nofp\libc_nano.a(libc_a-lock.o)
 .text.__retarget_lock_acquire_recursive
                0x00000000        0x2 C:/PROGRA~2/ARMGNU~1/14EFD8~1.2RE/bin/../lib/gcc/arm-none-eabi/14.2.1/thumb/v7-m/nofp\libc_nano.a(libc_a-lock.o)
 .text.__retarget_lock_try_acquire
                0x00000000        0x4 C:/PROGRA~2/ARMGNU~1/14EFD8~1.2RE/bin/../lib/gcc/arm-none-eabi/14.2.1/thumb/v7-m/nofp\libc_nano.a(libc_a-lock.o)
 .text.__retarget_lock_try_acquire_recursive
                0x00000000        0x4 C:/PROGRA~2/ARMGNU~1/14EFD8~1.2RE/bin/../lib/gcc/arm-none-eabi/14.2.1/thumb/v7-m/nofp\libc_nano.a(libc_a-lock.o)
 .text.__retarget_lock_release
                0x00000000        0x2 C:/PROGRA~2/ARMGNU~1/14EFD8~1.2RE/bin/../lib/gcc/arm-none-eabi/14.2.1/thumb/v7-m/nofp\libc_nano.a(libc_a-lock.o)
 .text.__retarget_lock_release_recursive
                0x00000000        0x2 C:/PROGRA~2/ARMGNU~1/14EFD8~1.2RE/bin/../lib/gcc/arm-none-eabi/14.2.1/thumb/v7-m/nofp\libc_nano.a(libc_a-lock.o)
 .bss.__lock___arc4random_mutex
                0x00000000        0x1 C:/PROGRA~2/ARMGNU~1/14EFD8~1.2RE/bin/../lib/gcc/arm-none-eabi/14.2.1/thumb/v7-m/nofp\libc_nano.a(libc_a-lock.o)
 .bss.__lock___dd_hash_mutex
                0x00000000        0x1 C:/PROGRA~2/ARMGNU~1/14EFD8~1.2RE/bin/../lib/gcc/arm-none-eabi/14.2.1/thumb/v7-m/nofp\libc_nano.a(libc_a-lock.o)
 .bss.__lock___tz_mutex
                0x00000000        0x1 C:/PROGRA~2/ARMGNU~1/14EFD8~1.2RE/bin/../lib/gcc/arm-none-eabi/14.2.1/thumb/v7-m/nofp\libc_nano.a(libc_a-lock.o)
 .bss.__lock___env_recursive_mutex
                0x00000000        0x1 C:/PROGRA~2/ARMGNU~1/14EFD8~1.2RE/bin/../lib/gcc/arm-none-eabi/14.2.1/thumb/v7-m/nofp\libc_nano.a(libc_a-lock.o)
 .bss.__lock___malloc_recursive_mutex
                0x00000000        0x1 C:/PROGRA~2/ARMGNU~1/14EFD8~1.2RE/bin/../lib/gcc/arm-none-eabi/14.2.1/thumb/v7-m/nofp\libc_nano.a(libc_a-lock.o)
 .bss.__lock___at_quick_exit_mutex
                0x00000000        0x1 C:/PROGRA~2/ARMGNU~1/14EFD8~1.2RE/bin/../lib/gcc/arm-none-eabi/14.2.1/thumb/v7-m/nofp\libc_nano.a(libc_a-lock.o)
 .bss.__lock___atexit_recursive_mutex
                0x00000000        0x1 C:/PROGRA~2/ARMGNU~1/14EFD8~1.2RE/bin/../lib/gcc/arm-none-eabi/14.2.1/thumb/v7-m/nofp\libc_nano.a(libc_a-lock.o)
 .bss.__lock___sfp_recursive_mutex
                0x00000000        0x1 C:/PROGRA~2/ARMGNU~1/14EFD8~1.2RE/bin/../lib/gcc/arm-none-eabi/14.2.1/thumb/v7-m/nofp\libc_nano.a(libc_a-lock.o)
 .debug_frame   0x00000000       0xb0 C:/PROGRA~2/ARMGNU~1/14EFD8~1.2RE/bin/../lib/gcc/arm-none-eabi/14.2.1/thumb/v7-m/nofp\libc_nano.a(libc_a-lock.o)
 .ARM.attributes
                0x00000000       0x2d C:/PROGRA~2/ARMGNU~1/14EFD8~1.2RE/bin/../lib/gcc/arm-none-eabi/14.2.1/thumb/v7-m/nofp\libc_nano.a(libc_a-lock.o)
 .text          0x00000000        0x0 C:/PROGRA~2/ARMGNU~1/14EFD8~1.2RE/bin/../lib/gcc/arm-none-eabi/14.2.1/thumb/v7-m/nofp\libc_nano.a(libc_a-freer.o)
 .data          0x00000000        0x0 C:/PROGRA~2/ARMGNU~1/14EFD8~1.2RE/bin/../lib/gcc/arm-none-eabi/14.2.1/thumb/v7-m/nofp\libc_nano.a(libc_a-freer.o)
 .bss           0x00000000        0x0 C:/PROGRA~2/ARMGNU~1/14EFD8~1.2RE/bin/../lib/gcc/arm-none-eabi/14.2.1/thumb/v7-m/nofp\libc_nano.a(libc_a-freer.o)
 .text._free_r  0x00000000       0x90 C:/PROGRA~2/ARMGNU~1/14EFD8~1.2RE/bin/../lib/gcc/arm-none-eabi/14.2.1/thumb/v7-m/nofp\libc_nano.a(libc_a-freer.o)
 .debug_frame   0x00000000       0x38 C:/PROGRA~2/ARMGNU~1/14EFD8~1.2RE/bin/../lib/gcc/arm-none-eabi/14.2.1/thumb/v7-m/nofp\libc_nano.a(libc_a-freer.o)
 .ARM.attributes
                0x00000000       0x2d C:/PROGRA~2/ARMGNU~1/14EFD8~1.2RE/bin/../lib/gcc/arm-none-eabi/14.2.1/thumb/v7-m/nofp\libc_nano.a(libc_a-freer.o)
 .text          0x00000000        0x0 C:/PROGRA~2/ARMGNU~1/14EFD8~1.2RE/bin/../lib/gcc/arm-none-eabi/14.2.1/thumb/v7-m/nofp\libc_nano.a(libc_a-mallocr.o)
 .data          0x00000000        0x0 C:/PROGRA~2/ARMGNU~1/14EFD8~1.2RE/bin/../lib/gcc/arm-none-eabi/14.2.1/thumb/v7-m/nofp\libc_nano.a(libc_a-mallocr.o)
 .bss           0x00000000        0x0 C:/PROGRA~2/ARMGNU~1/14EFD8~1.2RE/bin/../lib/gcc/arm-none-eabi/14.2.1/thumb/v7-m/nofp\libc_nano.a(libc_a-mallocr.o)
 .text.sbrk_aligned
                0x00000000       0x44 C:/PROGRA~2/ARMGNU~1/14EFD8~1.2RE/bin/../lib/gcc/arm-none-eabi/14.2.1/thumb/v7-m/nofp\libc_nano.a(libc_a-mallocr.o)
 .text._malloc_r
                0x00000000      0x100 C:/PROGRA~2/ARMGNU~1/14EFD8~1.2RE/bin/../lib/gcc/arm-none-eabi/14.2.1/thumb/v7-m/nofp\libc_nano.a(libc_a-mallocr.o)
 .bss.__malloc_sbrk_start
                0x00000000        0x4 C:/PROGRA~2/ARMGNU~1/14EFD8~1.2RE/bin/../lib/gcc/arm-none-eabi/14.2.1/thumb/v7-m/nofp\libc_nano.a(libc_a-mallocr.o)
 .bss.__malloc_free_list
                0x00000000        0x4 C:/PROGRA~2/ARMGNU~1/14EFD8~1.2RE/bin/../lib/gcc/arm-none-eabi/14.2.1/thumb/v7-m/nofp\libc_nano.a(libc_a-mallocr.o)
 .debug_frame   0x00000000       0x50 C:/PROGRA~2/ARMGNU~1/14EFD8~1.2RE/bin/../lib/gcc/arm-none-eabi/14.2.1/thumb/v7-m/nofp\libc_nano.a(libc_a-mallocr.o)
 .ARM.attributes
                0x00000000       0x2d C:/PROGRA~2/ARMGNU~1/14EFD8~1.2RE/bin/../lib/gcc/arm-none-eabi/14.2.1/thumb/v7-m/nofp\libc_nano.a(libc_a-mallocr.o)
 .text          0x00000000        0x0 C:/PROGRA~2/ARMGNU~1/14EFD8~1.2RE/bin/../lib/gcc/arm-none-eabi/14.2.1/thumb/v7-m/nofp\libc_nano.a(libc_a-mlock.o)
 .data          0x00000000        0x0 C:/PROGRA~2/ARMGNU~1/14EFD8~1.2RE/bin/../lib/gcc/arm-none-eabi/14.2.1/thumb/v7-m/nofp\libc_nano.a(libc_a-mlock.o)
 .bss           0x00000000        0x0 C:/PROGRA~2/ARMGNU~1/14EFD8~1.2RE/bin/../lib/gcc/arm-none-eabi/14.2.1/thumb/v7-m/nofp\libc_nano.a(libc_a-mlock.o)
 .text.__malloc_lock
                0x00000000        0xc C:/PROGRA~2/ARMGNU~1/14EFD8~1.2RE/bin/../lib/gcc/arm-none-eabi/14.2.1/thumb/v7-m/nofp\libc_nano.a(libc_a-mlock.o)
 .text.__malloc_unlock
                0x00000000        0xc C:/PROGRA~2/ARMGNU~1/14EFD8~1.2RE/bin/../lib/gcc/arm-none-eabi/14.2.1/thumb/v7-m/nofp\libc_nano.a(libc_a-mlock.o)
 .debug_frame   0x00000000       0x30 C:/PROGRA~2/ARMGNU~1/14EFD8~1.2RE/bin/../lib/gcc/arm-none-eabi/14.2.1/thumb/v7-m/nofp\libc_nano.a(libc_a-mlock.o)
 .ARM.attributes
                0x00000000       0x2d C:/PROGRA~2/ARMGNU~1/14EFD8~1.2RE/bin/../lib/gcc/arm-none-eabi/14.2.1/thumb/v7-m/nofp\libc_nano.a(libc_a-mlock.o)
 .text          0x00000000        0x0 C:/PROGRA~2/ARMGNU~1/14EFD8~1.2RE/bin/../lib/gcc/arm-none-eabi/14.2.1/thumb/v7-m/nofp\libc_nano.a(libc_a-fflush.o)
 .data          0x00000000        0x0 C:/PROGRA~2/ARMGNU~1/14EFD8~1.2RE/bin/../lib/gcc/arm-none-eabi/14.2.1/thumb/v7-m/nofp\libc_nano.a(libc_a-fflush.o)
 .bss           0x00000000        0x0 C:/PROGRA~2/ARMGNU~1/14EFD8~1.2RE/bin/../lib/gcc/arm-none-eabi/14.2.1/thumb/v7-m/nofp\libc_nano.a(libc_a-fflush.o)
 .text.__sflush_r
                0x00000000       0xfc C:/PROGRA~2/ARMGNU~1/14EFD8~1.2RE/bin/../lib/gcc/arm-none-eabi/14.2.1/thumb/v7-m/nofp\libc_nano.a(libc_a-fflush.o)
 .text._fflush_r
                0x00000000       0x50 C:/PROGRA~2/ARMGNU~1/14EFD8~1.2RE/bin/../lib/gcc/arm-none-eabi/14.2.1/thumb/v7-m/nofp\libc_nano.a(libc_a-fflush.o)
 .text.fflush   0x00000000       0x28 C:/PROGRA~2/ARMGNU~1/14EFD8~1.2RE/bin/../lib/gcc/arm-none-eabi/14.2.1/thumb/v7-m/nofp\libc_nano.a(libc_a-fflush.o)
 .debug_frame   0x00000000       0x5c C:/PROGRA~2/ARMGNU~1/14EFD8~1.2RE/bin/../lib/gcc/arm-none-eabi/14.2.1/thumb/v7-m/nofp\libc_nano.a(libc_a-fflush.o)
 .ARM.attributes
                0x00000000       0x2d C:/PROGRA~2/ARMGNU~1/14EFD8~1.2RE/bin/../lib/gcc/arm-none-eabi/14.2.1/thumb/v7-m/nofp\libc_nano.a(libc_a-fflush.o)
 .text          0x00000000        0x0 C:/PROGRA~2/ARMGNU~1/14EFD8~1.2RE/bin/../lib/gcc/arm-none-eabi/14.2.1/thumb/v7-m/nofp\libc_nano.a(libc_a-sbrkr.o)
 .data          0x00000000        0x0 C:/PROGRA~2/ARMGNU~1/14EFD8~1.2RE/bin/../lib/gcc/arm-none-eabi/14.2.1/thumb/v7-m/nofp\libc_nano.a(libc_a-sbrkr.o)
 .bss           0x00000000        0x0 C:/PROGRA~2/ARMGNU~1/14EFD8~1.2RE/bin/../lib/gcc/arm-none-eabi/14.2.1/thumb/v7-m/nofp\libc_nano.a(libc_a-sbrkr.o)
 .text._sbrk_r  0x00000000       0x20 C:/PROGRA~2/ARMGNU~1/14EFD8~1.2RE/bin/../lib/gcc/arm-none-eabi/14.2.1/thumb/v7-m/nofp\libc_nano.a(libc_a-sbrkr.o)
 .debug_frame   0x00000000       0x2c C:/PROGRA~2/ARMGNU~1/14EFD8~1.2RE/bin/../lib/gcc/arm-none-eabi/14.2.1/thumb/v7-m/nofp\libc_nano.a(libc_a-sbrkr.o)
 .ARM.attributes
                0x00000000       0x2d C:/PROGRA~2/ARMGNU~1/14EFD8~1.2RE/bin/../lib/gcc/arm-none-eabi/14.2.1/thumb/v7-m/nofp\libc_nano.a(libc_a-sbrkr.o)
 .group         0x00000000        0xc CMakeFiles/stm32f103_aht20_baremetal.dir/main.c.obj
 .group         0x00000000        0xc CMakeFiles/stm32f103_aht20_baremetal.dir/main.c.obj
 .group         0x00000000        0xc CMakeFiles/stm32f103_aht20_baremetal.dir/main.c.obj
 .group         0x00000000        0xc CMakeFiles/stm32f103_aht20_baremetal.dir/main.c.obj
 .group         0x00000000        0xc CMakeFiles/stm32f103_aht20_baremetal.dir/main.c.obj
 .group         0x00000000        0xc CMakeFiles/stm32f103_aht20_baremetal.dir/main.c.obj
 .group         0x00000000        0xc CMakeFiles/stm32f103_aht20_baremetal.dir/main.c.obj
 .group         0x00000000        0xc CMakeFiles/stm32f103_aht20_baremetal.dir/main.c.obj
 .group         0x00000000        0xc CMakeFiles/stm32f103_aht20_baremetal.dir/main.c.obj
 .group         0x00000000        0xc CMakeFiles/stm32f103_aht20_baremetal.dir/main.c.obj
 .group         0x00000000        0xc CMakeFiles/stm32f103_aht20_baremetal.dir/main.c.obj
 .group         0x00000000        0xc CMakeFiles/stm32f103_aht20_baremetal.dir/main.c.obj
 .group         0x00000000        0xc CMakeFiles/stm32f103_aht20_baremetal.dir/main.c.obj
 .text          0x00000000        0x0 CMakeFiles/stm32f103_aht20_baremetal.dir/main.c.obj
 .data          0x00000000        0x0 CMakeFiles/stm32f103_aht20_baremetal.dir/main.c.obj
 .bss           0x00000000        0x0 CMakeFiles/stm32f103_aht20_baremetal.dir/main.c.obj
 .group         0x00000000        0xc CMakeFiles/stm32f103_aht20_baremetal.dir/i2c_handler.c.obj
 .group         0x00000000        0xc CMakeFiles/stm32f103_aht20_baremetal.dir/i2c_handler.c.obj
 .group         0x00000000        0xc CMakeFiles/stm32f103_aht20_baremetal.dir/i2c_handler.c.obj
 .group         0x00000000        0xc CMakeFiles/stm32f103_aht20_baremetal.dir/i2c_handler.c.obj
 .group         0x00000000        0xc CMakeFiles/stm32f103_aht20_baremetal.dir/i2c_handler.c.obj
 .group         0x00000000        0xc CMakeFiles/stm32f103_aht20_baremetal.dir/i2c_handler.c.obj
 .group         0x00000000        0xc CMakeFiles/stm32f103_aht20_baremetal.dir/i2c_handler.c.obj
 .group         0x00000000        0xc CMakeFiles/stm32f103_aht20_baremetal.dir/i2c_handler.c.obj
 .group         0x00000000        0xc CMakeFiles/stm32f103_aht20_baremetal.dir/i2c_handler.c.obj
 .group         0x00000000        0xc CMakeFiles/stm32f103_aht20_baremetal.dir/i2c_handler.c.obj
 .group         0x00000000        0xc CMakeFiles/stm32f103_aht20_baremetal.dir/i2c_handler.c.obj
 .group         0x00000000        0xc CMakeFiles/stm32f103_aht20_baremetal.dir/i2c_handler.c.obj
 .group         0x00000000        0xc CMakeFiles/stm32f103_aht20_baremetal.dir/i2c_handler.c.obj
 .group         0x00000000        0xc CMakeFiles/stm32f103_aht20_baremetal.dir/i2c_handler.c.obj
 .text          0x00000000        0x0 CMakeFiles/stm32f103_aht20_baremetal.dir/i2c_handler.c.obj
 .data          0x00000000        0x0 CMakeFiles/stm32f103_aht20_baremetal.dir/i2c_handler.c.obj
 .bss           0x00000000        0x0 CMakeFiles/stm32f103_aht20_baremetal.dir/i2c_handler.c.obj
 .text.i2c_start
                0x00000000       0x2e CMakeFiles/stm32f103_aht20_baremetal.dir/i2c_handler.c.obj
 .text.i2c_stop
                0x00000000       0x1e CMakeFiles/stm32f103_aht20_baremetal.dir/i2c_handler.c.obj
 .text.i2c_send_address
                0x00000000       0x76 CMakeFiles/stm32f103_aht20_baremetal.dir/i2c_handler.c.obj
 .text.i2c_init
                0x00000000       0xe8 CMakeFiles/stm32f103_aht20_baremetal.dir/i2c_handler.c.obj
 .text.i2c_write
                0x00000000       0xda CMakeFiles/stm32f103_aht20_baremetal.dir/i2c_handler.c.obj
 .text.i2c_read
                0x00000000       0xd2 CMakeFiles/stm32f103_aht20_baremetal.dir/i2c_handler.c.obj
 .text.i2c_is_ready
                0x00000000       0x60 CMakeFiles/stm32f103_aht20_baremetal.dir/i2c_handler.c.obj
 .rodata        0x00000000       0x45 CMakeFiles/stm32f103_aht20_baremetal.dir/i2c_handler.c.obj
 .text.i2c_scan
                0x00000000       0x64 CMakeFiles/stm32f103_aht20_baremetal.dir/i2c_handler.c.obj
 .debug_info    0x00000000      0x4ad CMakeFiles/stm32f103_aht20_baremetal.dir/i2c_handler.c.obj
 .debug_abbrev  0x00000000      0x199 CMakeFiles/stm32f103_aht20_baremetal.dir/i2c_handler.c.obj
 .debug_aranges
                0x00000000       0x58 CMakeFiles/stm32f103_aht20_baremetal.dir/i2c_handler.c.obj
 .debug_rnglists
                0x00000000       0x40 CMakeFiles/stm32f103_aht20_baremetal.dir/i2c_handler.c.obj
 .debug_macro   0x00000000       0xcc CMakeFiles/stm32f103_aht20_baremetal.dir/i2c_handler.c.obj
 .debug_macro   0x00000000      0xad2 CMakeFiles/stm32f103_aht20_baremetal.dir/i2c_handler.c.obj
 .debug_macro   0x00000000       0x22 CMakeFiles/stm32f103_aht20_baremetal.dir/i2c_handler.c.obj
 .debug_macro   0x00000000       0x22 CMakeFiles/stm32f103_aht20_baremetal.dir/i2c_handler.c.obj
 .debug_macro   0x00000000       0x8e CMakeFiles/stm32f103_aht20_baremetal.dir/i2c_handler.c.obj
 .debug_macro   0x00000000       0x51 CMakeFiles/stm32f103_aht20_baremetal.dir/i2c_handler.c.obj
 .debug_macro   0x00000000      0x103 CMakeFiles/stm32f103_aht20_baremetal.dir/i2c_handler.c.obj
 .debug_macro   0x00000000       0x6a CMakeFiles/stm32f103_aht20_baremetal.dir/i2c_handler.c.obj
 .debug_macro   0x00000000      0x1df CMakeFiles/stm32f103_aht20_baremetal.dir/i2c_handler.c.obj
 .debug_macro   0x00000000       0x1c CMakeFiles/stm32f103_aht20_baremetal.dir/i2c_handler.c.obj
 .debug_macro   0x00000000       0x22 CMakeFiles/stm32f103_aht20_baremetal.dir/i2c_handler.c.obj
 .debug_macro   0x00000000       0xbd CMakeFiles/stm32f103_aht20_baremetal.dir/i2c_handler.c.obj
 .debug_macro   0x00000000      0xd23 CMakeFiles/stm32f103_aht20_baremetal.dir/i2c_handler.c.obj
 .debug_macro   0x00000000     0xe09e CMakeFiles/stm32f103_aht20_baremetal.dir/i2c_handler.c.obj
 .debug_macro   0x00000000       0x16 CMakeFiles/stm32f103_aht20_baremetal.dir/i2c_handler.c.obj
 .debug_line    0x00000000      0x50a CMakeFiles/stm32f103_aht20_baremetal.dir/i2c_handler.c.obj
 .debug_str     0x00000000    0x54135 CMakeFiles/stm32f103_aht20_baremetal.dir/i2c_handler.c.obj
 .comment       0x00000000       0x46 CMakeFiles/stm32f103_aht20_baremetal.dir/i2c_handler.c.obj
 .debug_frame   0x00000000      0x13c CMakeFiles/stm32f103_aht20_baremetal.dir/i2c_handler.c.obj
 .ARM.attributes
                0x00000000       0x2d CMakeFiles/stm32f103_aht20_baremetal.dir/i2c_handler.c.obj
 .group         0x00000000        0xc CMakeFiles/stm32f103_aht20_baremetal.dir/uart_handler.c.obj
 .group         0x00000000        0xc CMakeFiles/stm32f103_aht20_baremetal.dir/uart_handler.c.obj
 .group         0x00000000        0xc CMakeFiles/stm32f103_aht20_baremetal.dir/uart_handler.c.obj
 .group         0x00000000        0xc CMakeFiles/stm32f103_aht20_baremetal.dir/uart_handler.c.obj
 .group         0x00000000        0xc CMakeFiles/stm32f103_aht20_baremetal.dir/uart_handler.c.obj
 .group         0x00000000        0xc CMakeFiles/stm32f103_aht20_baremetal.dir/uart_handler.c.obj
 .group         0x00000000        0xc CMakeFiles/stm32f103_aht20_baremetal.dir/uart_handler.c.obj
 .group         0x00000000        0xc CMakeFiles/stm32f103_aht20_baremetal.dir/uart_handler.c.obj
 .group         0x00000000        0xc CMakeFiles/stm32f103_aht20_baremetal.dir/uart_handler.c.obj
 .group         0x00000000        0xc CMakeFiles/stm32f103_aht20_baremetal.dir/uart_handler.c.obj
 .group         0x00000000        0xc CMakeFiles/stm32f103_aht20_baremetal.dir/uart_handler.c.obj
 .group         0x00000000        0xc CMakeFiles/stm32f103_aht20_baremetal.dir/uart_handler.c.obj
 .group         0x00000000        0xc CMakeFiles/stm32f103_aht20_baremetal.dir/uart_handler.c.obj
 .text          0x00000000        0x0 CMakeFiles/stm32f103_aht20_baremetal.dir/uart_handler.c.obj
 .data          0x00000000        0x0 CMakeFiles/stm32f103_aht20_baremetal.dir/uart_handler.c.obj
 .bss           0x00000000        0x0 CMakeFiles/stm32f103_aht20_baremetal.dir/uart_handler.c.obj
 .data.log_uart
                0x00000000        0x4 CMakeFiles/stm32f103_aht20_baremetal.dir/uart_handler.c.obj
 .text.compute_uart_brr
                0x00000000       0x24 CMakeFiles/stm32f103_aht20_baremetal.dir/uart_handler.c.obj
 .text.uart_init
                0x00000000      0x158 CMakeFiles/stm32f103_aht20_baremetal.dir/uart_handler.c.obj
 .text.uart_write
                0x00000000       0x2a CMakeFiles/stm32f103_aht20_baremetal.dir/uart_handler.c.obj
 .text.uart_read
                0x00000000       0x26 CMakeFiles/stm32f103_aht20_baremetal.dir/uart_handler.c.obj
 .text.uart_log
                0x00000000       0x34 CMakeFiles/stm32f103_aht20_baremetal.dir/uart_handler.c.obj
 .rodata        0x00000000       0x11 CMakeFiles/stm32f103_aht20_baremetal.dir/uart_handler.c.obj
 .text.uart_write_hex
                0x00000000       0x64 CMakeFiles/stm32f103_aht20_baremetal.dir/uart_handler.c.obj
 .text.uart_write_float
                0x00000000      0x13c CMakeFiles/stm32f103_aht20_baremetal.dir/uart_handler.c.obj
 .debug_info    0x00000000      0x411 CMakeFiles/stm32f103_aht20_baremetal.dir/uart_handler.c.obj
 .debug_abbrev  0x00000000      0x16b CMakeFiles/stm32f103_aht20_baremetal.dir/uart_handler.c.obj
 .debug_aranges
                0x00000000       0x50 CMakeFiles/stm32f103_aht20_baremetal.dir/uart_handler.c.obj
 .debug_rnglists
                0x00000000       0x39 CMakeFiles/stm32f103_aht20_baremetal.dir/uart_handler.c.obj
 .debug_macro   0x00000000       0xb7 CMakeFiles/stm32f103_aht20_baremetal.dir/uart_handler.c.obj
 .debug_macro   0x00000000      0xad2 CMakeFiles/stm32f103_aht20_baremetal.dir/uart_handler.c.obj
 .debug_macro   0x00000000       0x22 CMakeFiles/stm32f103_aht20_baremetal.dir/uart_handler.c.obj
 .debug_macro   0x00000000       0x22 CMakeFiles/stm32f103_aht20_baremetal.dir/uart_handler.c.obj
 .debug_macro   0x00000000       0x8e CMakeFiles/stm32f103_aht20_baremetal.dir/uart_handler.c.obj
 .debug_macro   0x00000000       0x51 CMakeFiles/stm32f103_aht20_baremetal.dir/uart_handler.c.obj
 .debug_macro   0x00000000      0x103 CMakeFiles/stm32f103_aht20_baremetal.dir/uart_handler.c.obj
 .debug_macro   0x00000000       0x6a CMakeFiles/stm32f103_aht20_baremetal.dir/uart_handler.c.obj
 .debug_macro   0x00000000      0x1df CMakeFiles/stm32f103_aht20_baremetal.dir/uart_handler.c.obj
 .debug_macro   0x00000000       0x1c CMakeFiles/stm32f103_aht20_baremetal.dir/uart_handler.c.obj
 .debug_macro   0x00000000       0x22 CMakeFiles/stm32f103_aht20_baremetal.dir/uart_handler.c.obj
 .debug_macro   0x00000000       0xbd CMakeFiles/stm32f103_aht20_baremetal.dir/uart_handler.c.obj
 .debug_macro   0x00000000      0xd23 CMakeFiles/stm32f103_aht20_baremetal.dir/uart_handler.c.obj
 .debug_macro   0x00000000     0xe09e CMakeFiles/stm32f103_aht20_baremetal.dir/uart_handler.c.obj
 .debug_line    0x00000000      0x432 CMakeFiles/stm32f103_aht20_baremetal.dir/uart_handler.c.obj
 .debug_str     0x00000000    0x540f0 CMakeFiles/stm32f103_aht20_baremetal.dir/uart_handler.c.obj
 .comment       0x00000000       0x46 CMakeFiles/stm32f103_aht20_baremetal.dir/uart_handler.c.obj
 .debug_frame   0x00000000      0x11c CMakeFiles/stm32f103_aht20_baremetal.dir/uart_handler.c.obj
 .ARM.attributes
                0x00000000       0x2d CMakeFiles/stm32f103_aht20_baremetal.dir/uart_handler.c.obj
 .text          0x00000000       0x14 CMakeFiles/stm32f103_aht20_baremetal.dir/startup_stm32f103xb.s.obj
 .data          0x00000000        0x0 CMakeFiles/stm32f103_aht20_baremetal.dir/startup_stm32f103xb.s.obj
 .bss           0x00000000        0x0 CMakeFiles/stm32f103_aht20_baremetal.dir/startup_stm32f103xb.s.obj
 .group         0x00000000        0xc CMakeFiles/stm32f103_aht20_baremetal.dir/system_stm32f1xx.c.obj
 .group         0x00000000        0xc CMakeFiles/stm32f103_aht20_baremetal.dir/system_stm32f1xx.c.obj
 .group         0x00000000        0xc CMakeFiles/stm32f103_aht20_baremetal.dir/system_stm32f1xx.c.obj
 .group         0x00000000        0xc CMakeFiles/stm32f103_aht20_baremetal.dir/system_stm32f1xx.c.obj
 .group         0x00000000        0xc CMakeFiles/stm32f103_aht20_baremetal.dir/system_stm32f1xx.c.obj
 .group         0x00000000        0xc CMakeFiles/stm32f103_aht20_baremetal.dir/system_stm32f1xx.c.obj
 .group         0x00000000        0xc CMakeFiles/stm32f103_aht20_baremetal.dir/system_stm32f1xx.c.obj
 .group         0x00000000        0xc CMakeFiles/stm32f103_aht20_baremetal.dir/system_stm32f1xx.c.obj
 .group         0x00000000        0xc CMakeFiles/stm32f103_aht20_baremetal.dir/system_stm32f1xx.c.obj
 .group         0x00000000        0xc CMakeFiles/stm32f103_aht20_baremetal.dir/system_stm32f1xx.c.obj
 .group         0x00000000        0xc CMakeFiles/stm32f103_aht20_baremetal.dir/system_stm32f1xx.c.obj
 .group         0x00000000        0xc CMakeFiles/stm32f103_aht20_baremetal.dir/system_stm32f1xx.c.obj
 .group         0x00000000        0xc CMakeFiles/stm32f103_aht20_baremetal.dir/system_stm32f1xx.c.obj
 .text          0x00000000        0x0 CMakeFiles/stm32f103_aht20_baremetal.dir/system_stm32f1xx.c.obj
 .data          0x00000000        0x0 CMakeFiles/stm32f103_aht20_baremetal.dir/system_stm32f1xx.c.obj
 .bss           0x00000000        0x0 CMakeFiles/stm32f103_aht20_baremetal.dir/system_stm32f1xx.c.obj
 .text.SystemCoreClockUpdate
                0x00000000       0xcc CMakeFiles/stm32f103_aht20_baremetal.dir/system_stm32f1xx.c.obj
 .debug_macro   0x00000000      0xad2 CMakeFiles/stm32f103_aht20_baremetal.dir/system_stm32f1xx.c.obj
 .debug_macro   0x00000000       0x22 CMakeFiles/stm32f103_aht20_baremetal.dir/system_stm32f1xx.c.obj
 .debug_macro   0x00000000       0x22 CMakeFiles/stm32f103_aht20_baremetal.dir/system_stm32f1xx.c.obj
 .debug_macro   0x00000000       0x8e CMakeFiles/stm32f103_aht20_baremetal.dir/system_stm32f1xx.c.obj
 .debug_macro   0x00000000       0x51 CMakeFiles/stm32f103_aht20_baremetal.dir/system_stm32f1xx.c.obj
 .debug_macro   0x00000000      0x103 CMakeFiles/stm32f103_aht20_baremetal.dir/system_stm32f1xx.c.obj
 .debug_macro   0x00000000       0x6a CMakeFiles/stm32f103_aht20_baremetal.dir/system_stm32f1xx.c.obj
 .debug_macro   0x00000000      0x1df CMakeFiles/stm32f103_aht20_baremetal.dir/system_stm32f1xx.c.obj
 .debug_macro   0x00000000       0x1c CMakeFiles/stm32f103_aht20_baremetal.dir/system_stm32f1xx.c.obj
 .debug_macro   0x00000000       0x22 CMakeFiles/stm32f103_aht20_baremetal.dir/system_stm32f1xx.c.obj
 .debug_macro   0x00000000       0xbd CMakeFiles/stm32f103_aht20_baremetal.dir/system_stm32f1xx.c.obj
 .debug_macro   0x00000000      0xd23 CMakeFiles/stm32f103_aht20_baremetal.dir/system_stm32f1xx.c.obj
 .debug_macro   0x00000000     0xe09e CMakeFiles/stm32f103_aht20_baremetal.dir/system_stm32f1xx.c.obj
 .text          0x00000000      0x168 C:/PROGRA~2/ARMGNU~1/14EFD8~1.2RE/bin/../lib/gcc/arm-none-eabi/14.2.1/thumb/v7-m/nofp\libgcc.a(_arm_mulsf3.o)
 .data          0x00000000        0x0 C:/PROGRA~2/ARMGNU~1/14EFD8~1.2RE/bin/../lib/gcc/arm-none-eabi/14.2.1/thumb/v7-m/nofp\libgcc.a(_arm_mulsf3.o)
 .bss           0x00000000        0x0 C:/PROGRA~2/ARMGNU~1/14EFD8~1.2RE/bin/../lib/gcc/arm-none-eabi/14.2.1/thumb/v7-m/nofp\libgcc.a(_arm_mulsf3.o)
 .debug_line_str
                0x00000000       0xca C:/PROGRA~2/ARMGNU~1/14EFD8~1.2RE/bin/../lib/gcc/arm-none-eabi/14.2.1/thumb/v7-m/nofp\libgcc.a(_arm_mulsf3.o)
 .debug_frame   0x00000000       0x24 C:/PROGRA~2/ARMGNU~1/14EFD8~1.2RE/bin/../lib/gcc/arm-none-eabi/14.2.1/thumb/v7-m/nofp\libgcc.a(_arm_mulsf3.o)
 .ARM.attributes
                0x00000000       0x1d C:/PROGRA~2/ARMGNU~1/14EFD8~1.2RE/bin/../lib/gcc/arm-none-eabi/14.2.1/thumb/v7-m/nofp\libgcc.a(_arm_mulsf3.o)
 .text          0x00000000      0x21c C:/PROGRA~2/ARMGNU~1/14EFD8~1.2RE/bin/../lib/gcc/arm-none-eabi/14.2.1/thumb/v7-m/nofp\libgcc.a(_arm_addsubsf3.o)
 .data          0x00000000        0x0 C:/PROGRA~2/ARMGNU~1/14EFD8~1.2RE/bin/../lib/gcc/arm-none-eabi/14.2.1/thumb/v7-m/nofp\libgcc.a(_arm_addsubsf3.o)
 .bss           0x00000000        0x0 C:/PROGRA~2/ARMGNU~1/14EFD8~1.2RE/bin/../lib/gcc/arm-none-eabi/14.2.1/thumb/v7-m/nofp\libgcc.a(_arm_addsubsf3.o)
 .debug_line_str
                0x00000000       0xca C:/PROGRA~2/ARMGNU~1/14EFD8~1.2RE/bin/../lib/gcc/arm-none-eabi/14.2.1/thumb/v7-m/nofp\libgcc.a(_arm_addsubsf3.o)
 .debug_frame   0x00000000       0x4c C:/PROGRA~2/ARMGNU~1/14EFD8~1.2RE/bin/../lib/gcc/arm-none-eabi/14.2.1/thumb/v7-m/nofp\libgcc.a(_arm_addsubsf3.o)
 .ARM.attributes
                0x00000000       0x1d C:/PROGRA~2/ARMGNU~1/14EFD8~1.2RE/bin/../lib/gcc/arm-none-eabi/14.2.1/thumb/v7-m/nofp\libgcc.a(_arm_addsubsf3.o)
 .text          0x00000000       0x4c C:/PROGRA~2/ARMGNU~1/14EFD8~1.2RE/bin/../lib/gcc/arm-none-eabi/14.2.1/thumb/v7-m/nofp\libgcc.a(_arm_fixsfsi.o)
 .data          0x00000000        0x0 C:/PROGRA~2/ARMGNU~1/14EFD8~1.2RE/bin/../lib/gcc/arm-none-eabi/14.2.1/thumb/v7-m/nofp\libgcc.a(_arm_fixsfsi.o)
 .bss           0x00000000        0x0 C:/PROGRA~2/ARMGNU~1/14EFD8~1.2RE/bin/../lib/gcc/arm-none-eabi/14.2.1/thumb/v7-m/nofp\libgcc.a(_arm_fixsfsi.o)
 .debug_line_str
                0x00000000       0xca C:/PROGRA~2/ARMGNU~1/14EFD8~1.2RE/bin/../lib/gcc/arm-none-eabi/14.2.1/thumb/v7-m/nofp\libgcc.a(_arm_fixsfsi.o)
 .debug_frame   0x00000000       0x24 C:/PROGRA~2/ARMGNU~1/14EFD8~1.2RE/bin/../lib/gcc/arm-none-eabi/14.2.1/thumb/v7-m/nofp\libgcc.a(_arm_fixsfsi.o)
 .ARM.attributes
                0x00000000       0x1d C:/PROGRA~2/ARMGNU~1/14EFD8~1.2RE/bin/../lib/gcc/arm-none-eabi/14.2.1/thumb/v7-m/nofp\libgcc.a(_arm_fixsfsi.o)
 .text          0x00000000       0x40 C:/PROGRA~2/ARMGNU~1/14EFD8~1.2RE/bin/../lib/gcc/arm-none-eabi/14.2.1/thumb/v7-m/nofp\libgcc.a(_arm_fixunssfsi.o)
 .data          0x00000000        0x0 C:/PROGRA~2/ARMGNU~1/14EFD8~1.2RE/bin/../lib/gcc/arm-none-eabi/14.2.1/thumb/v7-m/nofp\libgcc.a(_arm_fixunssfsi.o)
 .bss           0x00000000        0x0 C:/PROGRA~2/ARMGNU~1/14EFD8~1.2RE/bin/../lib/gcc/arm-none-eabi/14.2.1/thumb/v7-m/nofp\libgcc.a(_arm_fixunssfsi.o)
 .debug_line_str
                0x00000000       0xca C:/PROGRA~2/ARMGNU~1/14EFD8~1.2RE/bin/../lib/gcc/arm-none-eabi/14.2.1/thumb/v7-m/nofp\libgcc.a(_arm_fixunssfsi.o)
 .debug_frame   0x00000000       0x24 C:/PROGRA~2/ARMGNU~1/14EFD8~1.2RE/bin/../lib/gcc/arm-none-eabi/14.2.1/thumb/v7-m/nofp\libgcc.a(_arm_fixunssfsi.o)
 .ARM.attributes
                0x00000000       0x1d C:/PROGRA~2/ARMGNU~1/14EFD8~1.2RE/bin/../lib/gcc/arm-none-eabi/14.2.1/thumb/v7-m/nofp\libgcc.a(_arm_fixunssfsi.o)
 .text          0x00000000        0x0 C:/PROGRA~2/ARMGNU~1/14EFD8~1.2RE/bin/../lib/gcc/arm-none-eabi/14.2.1/thumb/v7-m/nofp/crtend.o
 .data          0x00000000        0x0 C:/PROGRA~2/ARMGNU~1/14EFD8~1.2RE/bin/../lib/gcc/arm-none-eabi/14.2.1/thumb/v7-m/nofp/crtend.o
 .bss           0x00000000        0x0 C:/PROGRA~2/ARMGNU~1/14EFD8~1.2RE/bin/../lib/gcc/arm-none-eabi/14.2.1/thumb/v7-m/nofp/crtend.o
 .rodata.all_implied_fbits
                0x00000000       0x24 C:/PROGRA~2/ARMGNU~1/14EFD8~1.2RE/bin/../lib/gcc/arm-none-eabi/14.2.1/thumb/v7-m/nofp/crtend.o
 .eh_frame      0x00000000        0x4 C:/PROGRA~2/ARMGNU~1/14EFD8~1.2RE/bin/../lib/gcc/arm-none-eabi/14.2.1/thumb/v7-m/nofp/crtend.o
 .text          0x00000000        0x0 C:/PROGRA~2/ARMGNU~1/14EFD8~1.2RE/bin/../lib/gcc/arm-none-eabi/14.2.1/thumb/v7-m/nofp/crtn.o
 .data          0x00000000        0x0 C:/PROGRA~2/ARMGNU~1/14EFD8~1.2RE/bin/../lib/gcc/arm-none-eabi/14.2.1/thumb/v7-m/nofp/crtn.o
 .bss           0x00000000        0x0 C:/PROGRA~2/ARMGNU~1/14EFD8~1.2RE/bin/../lib/gcc/arm-none-eabi/14.2.1/thumb/v7-m/nofp/crtn.o

Memory Configuration

Name             Origin             Length             Attributes
RAM              0x20000000         0x00005000         xrw
FLASH            0x08000000         0x00010000         xr
*default*        0x00000000         0xffffffff

Linker script and memory map

LOAD C:/PROGRA~2/ARMGNU~1/14EFD8~1.2RE/bin/../lib/gcc/arm-none-eabi/14.2.1/thumb/v7-m/nofp/crti.o
LOAD C:/PROGRA~2/ARMGNU~1/14EFD8~1.2RE/bin/../lib/gcc/arm-none-eabi/14.2.1/thumb/v7-m/nofp/crtbegin.o
LOAD C:/PROGRA~2/ARMGNU~1/14EFD8~1.2RE/bin/../lib/gcc/arm-none-eabi/14.2.1/thumb/v7-m/nofp/crt0.o
START GROUP
LOAD C:/PROGRA~2/ARMGNU~1/14EFD8~1.2RE/bin/../lib/gcc/arm-none-eabi/14.2.1/thumb/v7-m/nofp\libc_nano.a
LOAD C:/PROGRA~2/ARMGNU~1/14EFD8~1.2RE/bin/../lib/gcc/arm-none-eabi/14.2.1/thumb/v7-m/nofp\libm.a
END GROUP
LOAD CMakeFiles/stm32f103_aht20_baremetal.dir/main.c.obj
LOAD CMakeFiles/stm32f103_aht20_baremetal.dir/i2c_handler.c.obj
LOAD CMakeFiles/stm32f103_aht20_baremetal.dir/uart_handler.c.obj
LOAD CMakeFiles/stm32f103_aht20_baremetal.dir/startup_stm32f103xb.s.obj
LOAD CMakeFiles/stm32f103_aht20_baremetal.dir/system_stm32f1xx.c.obj
START GROUP
LOAD C:/PROGRA~2/ARMGNU~1/14EFD8~1.2RE/bin/../lib/gcc/arm-none-eabi/14.2.1/thumb/v7-m/nofp\libgcc.a
LOAD C:/PROGRA~2/ARMGNU~1/14EFD8~1.2RE/bin/../lib/gcc/arm-none-eabi/14.2.1/thumb/v7-m/nofp\libg_nano.a
LOAD C:/PROGRA~2/ARMGNU~1/14EFD8~1.2RE/bin/../lib/gcc/arm-none-eabi/14.2.1/thumb/v7-m/nofp\libc_nano.a
END GROUP
START GROUP
LOAD C:/PROGRA~2/ARMGNU~1/14EFD8~1.2RE/bin/../lib/gcc/arm-none-eabi/14.2.1/thumb/v7-m/nofp\libgcc.a
LOAD C:/PROGRA~2/ARMGNU~1/14EFD8~1.2RE/bin/../lib/gcc/arm-none-eabi/14.2.1/thumb/v7-m/nofp\libc_nano.a
END GROUP
LOAD C:/PROGRA~2/ARMGNU~1/14EFD8~1.2RE/bin/../lib/gcc/arm-none-eabi/14.2.1/thumb/v7-m/nofp/crtend.o
LOAD C:/PROGRA~2/ARMGNU~1/14EFD8~1.2RE/bin/../lib/gcc/arm-none-eabi/14.2.1/thumb/v7-m/nofp/crtn.o
                0x20005000                        _estack = (ORIGIN (RAM) + LENGTH (RAM))
                0x00000200                        _Min_Heap_Size = 0x200
                0x00000400                        _Min_Stack_Size = 0x400

.isr_vector     0x08000000      0x10c
                0x08000000                        . = ALIGN (0x4)
 *(.isr_vector)
 .isr_vector    0x08000000      0x10c CMakeFiles/stm32f103_aht20_baremetal.dir/startup_stm32f103xb.s.obj
                0x08000000                g_pfnVectors
                0x0800010c                        . = ALIGN (0x4)

.text           0x0800010c      0x4d8
                0x0800010c                        . = ALIGN (0x4)
 *(.text)
 *(.text*)
 .text.deregister_tm_clones
                0x0800010c       0x1c C:/PROGRA~2/ARMGNU~1/14EFD8~1.2RE/bin/../lib/gcc/arm-none-eabi/14.2.1/thumb/v7-m/nofp/crtbegin.o
 .text.register_tm_clones
                0x08000128       0x24 C:/PROGRA~2/ARMGNU~1/14EFD8~1.2RE/bin/../lib/gcc/arm-none-eabi/14.2.1/thumb/v7-m/nofp/crtbegin.o
 .text.__do_global_dtors_aux
                0x0800014c       0x28 C:/PROGRA~2/ARMGNU~1/14EFD8~1.2RE/bin/../lib/gcc/arm-none-eabi/14.2.1/thumb/v7-m/nofp/crtbegin.o
 .text.frame_dummy
                0x08000174       0x24 C:/PROGRA~2/ARMGNU~1/14EFD8~1.2RE/bin/../lib/gcc/arm-none-eabi/14.2.1/thumb/v7-m/nofp/crtbegin.o
 .text.__libc_init_array
                0x08000198       0x48 C:/PROGRA~2/ARMGNU~1/14EFD8~1.2RE/bin/../lib/gcc/arm-none-eabi/14.2.1/thumb/v7-m/nofp\libc_nano.a(libc_a-init.o)
                0x08000198                __libc_init_array
 .text.main     0x080001e0        0xe CMakeFiles/stm32f103_aht20_baremetal.dir/main.c.obj
                0x080001e0                main
 *fill*         0x080001ee        0x2 
 .text.GPIO_4Btn_4Led_Init
                0x080001f0       0x9c CMakeFiles/stm32f103_aht20_baremetal.dir/main.c.obj
                0x080001f0                GPIO_4Btn_4Led_Init
 .text.GPIO_4Btn_4Led_Handler
                0x0800028c      0x180 CMakeFiles/stm32f103_aht20_baremetal.dir/main.c.obj
                0x0800028c                GPIO_4Btn_4Led_Handler
 .text.Reset_Handler
                0x0800040c       0x48 CMakeFiles/stm32f103_aht20_baremetal.dir/startup_stm32f103xb.s.obj
                0x0800040c                Reset_Handler
 .text.Default_Handler
                0x08000454        0x2 CMakeFiles/stm32f103_aht20_baremetal.dir/startup_stm32f103xb.s.obj
                0x08000454                RTC_Alarm_IRQHandler
                0x08000454                EXTI2_IRQHandler
                0x08000454                DebugMon_Handler
                0x08000454                TIM1_CC_IRQHandler
                0x08000454                HardFault_Handler
                0x08000454                SysTick_Handler
                0x08000454                PVD_IRQHandler
                0x08000454                PendSV_Handler
                0x08000454                NMI_Handler
                0x08000454                EXTI3_IRQHandler
                0x08000454                EXTI0_IRQHandler
                0x08000454                I2C2_EV_IRQHandler
                0x08000454                UsageFault_Handler
                0x08000454                ADC1_2_IRQHandler
                0x08000454                SPI1_IRQHandler
                0x08000454                TAMPER_IRQHandler
                0x08000454                DMA1_Channel4_IRQHandler
                0x08000454                USART3_IRQHandler
                0x08000454                RTC_IRQHandler
                0x08000454                DMA1_Channel7_IRQHandler
                0x08000454                CAN1_RX1_IRQHandler
                0x08000454                TIM4_IRQHandler
                0x08000454                I2C1_EV_IRQHandler
                0x08000454                DMA1_Channel6_IRQHandler
                0x08000454                TIM3_IRQHandler
                0x08000454                RCC_IRQHandler
                0x08000454                TIM1_TRG_COM_IRQHandler
                0x08000454                DMA1_Channel1_IRQHandler
                0x08000454                Default_Handler
                0x08000454                EXTI15_10_IRQHandler
                0x08000454                EXTI9_5_IRQHandler
                0x08000454                SPI2_IRQHandler
                0x08000454                MemManage_Handler
                0x08000454                SVC_Handler
                0x08000454                DMA1_Channel5_IRQHandler
                0x08000454                EXTI4_IRQHandler
                0x08000454                USB_LP_CAN1_RX0_IRQHandler
                0x08000454                USB_HP_CAN1_TX_IRQHandler
                0x08000454                DMA1_Channel3_IRQHandler
                0x08000454                TIM1_UP_IRQHandler
                0x08000454                WWDG_IRQHandler
                0x08000454                TIM2_IRQHandler
                0x08000454                TIM1_BRK_IRQHandler
                0x08000454                EXTI1_IRQHandler
                0x08000454                USART2_IRQHandler
                0x08000454                I2C2_ER_IRQHandler
                0x08000454                DMA1_Channel2_IRQHandler
                0x08000454                CAN1_SCE_IRQHandler
                0x08000454                FLASH_IRQHandler
                0x08000454                BusFault_Handler
                0x08000454                USART1_IRQHandler
                0x08000454                I2C1_ER_IRQHandler
                0x08000454                USBWakeUp_IRQHandler
 *fill*         0x08000456        0x2 
 .text.SystemInit
                0x08000458      0x174 CMakeFiles/stm32f103_aht20_baremetal.dir/system_stm32f1xx.c.obj
                0x08000458                SystemInit
 *(.glue_7)
 .glue_7        0x080005cc        0x0 linker stubs
 *(.glue_7t)
 .glue_7t       0x080005cc        0x0 linker stubs
 *(.eh_frame)
 .eh_frame      0x080005cc        0x0 C:/PROGRA~2/ARMGNU~1/14EFD8~1.2RE/bin/../lib/gcc/arm-none-eabi/14.2.1/thumb/v7-m/nofp/crtbegin.o
 *(.init)
 .init          0x080005cc        0x4 C:/PROGRA~2/ARMGNU~1/14EFD8~1.2RE/bin/../lib/gcc/arm-none-eabi/14.2.1/thumb/v7-m/nofp/crti.o
                0x080005cc                _init
 .init          0x080005d0        0x8 C:/PROGRA~2/ARMGNU~1/14EFD8~1.2RE/bin/../lib/gcc/arm-none-eabi/14.2.1/thumb/v7-m/nofp/crtn.o
 *(.fini)
 .fini          0x080005d8        0x4 C:/PROGRA~2/ARMGNU~1/14EFD8~1.2RE/bin/../lib/gcc/arm-none-eabi/14.2.1/thumb/v7-m/nofp/crti.o
                0x080005d8                _fini
 .fini          0x080005dc        0x8 C:/PROGRA~2/ARMGNU~1/14EFD8~1.2RE/bin/../lib/gcc/arm-none-eabi/14.2.1/thumb/v7-m/nofp/crtn.o
                0x080005e4                        . = ALIGN (0x4)
                0x080005e4                        _etext = .

.vfp11_veneer   0x080005e4        0x0
 .vfp11_veneer  0x080005e4        0x0 linker stubs

.v4_bx          0x080005e4        0x0
 .v4_bx         0x080005e4        0x0 linker stubs

.iplt           0x080005e4        0x0
 .iplt          0x080005e4        0x0 C:/PROGRA~2/ARMGNU~1/14EFD8~1.2RE/bin/../lib/gcc/arm-none-eabi/14.2.1/thumb/v7-m/nofp/crtbegin.o

.rodata         0x080005e4        0x0
                0x080005e4                        . = ALIGN (0x4)
 *(.rodata)
 *(.rodata*)
                0x080005e4                        . = ALIGN (0x4)

.ARM.extab      0x080005e4        0x0
                0x080005e4                        . = ALIGN (0x4)
 *(.ARM.extab* .gnu.linkonce.armextab.*)
                0x080005e4                        . = ALIGN (0x4)

.ARM            0x080005e4        0x0
                0x080005e4                        . = ALIGN (0x4)
                0x080005e4                        __exidx_start = .
 *(.ARM.exidx*)
                0x080005e4                        __exidx_end = .
                0x080005e4                        . = ALIGN (0x4)

.preinit_array  0x080005e4        0x0
                0x080005e4                        . = ALIGN (0x4)
                0x080005e4                        PROVIDE (__preinit_array_start = .)
 *(.preinit_array*)
                0x080005e4                        PROVIDE (__preinit_array_end = .)
                0x080005e4                        . = ALIGN (0x4)

.init_array     0x080005e4        0x4
                0x080005e4                        . = ALIGN (0x4)
                0x080005e4                        PROVIDE (__init_array_start = .)
 *(SORT_BY_NAME(.init_array.*))
 *(.init_array*)
 .init_array    0x080005e4        0x4 C:/PROGRA~2/ARMGNU~1/14EFD8~1.2RE/bin/../lib/gcc/arm-none-eabi/14.2.1/thumb/v7-m/nofp/crtbegin.o
                0x080005e8                        PROVIDE (__init_array_end = .)
                0x080005e8                        . = ALIGN (0x4)

.fini_array     0x080005e8        0x4
                0x080005e8                        . = ALIGN (0x4)
                [!provide]                        PROVIDE (__fini_array_start = .)
 *(SORT_BY_NAME(.fini_array.*))
 *(.fini_array*)
 .fini_array    0x080005e8        0x4 C:/PROGRA~2/ARMGNU~1/14EFD8~1.2RE/bin/../lib/gcc/arm-none-eabi/14.2.1/thumb/v7-m/nofp/crtbegin.o
                [!provide]                        PROVIDE (__fini_array_end = .)
                0x080005ec                        . = ALIGN (0x4)
                0x080005ec                        _sidata = LOADADDR (.data)

.rel.dyn        0x080005ec        0x0
 .rel.iplt      0x080005ec        0x0 C:/PROGRA~2/ARMGNU~1/14EFD8~1.2RE/bin/../lib/gcc/arm-none-eabi/14.2.1/thumb/v7-m/nofp/crtbegin.o

.data           0x20000000        0x8 load address 0x080005ec
                0x20000000                        . = ALIGN (0x4)
                0x20000000                        _sdata = .
 *(.data)
 *(.data*)
 .data.btn1_last.3
                0x20000000        0x1 CMakeFiles/stm32f103_aht20_baremetal.dir/main.c.obj
 .data.btn2_last.2
                0x20000001        0x1 CMakeFiles/stm32f103_aht20_baremetal.dir/main.c.obj
 .data.btn3_last.1
                0x20000002        0x1 CMakeFiles/stm32f103_aht20_baremetal.dir/main.c.obj
 .data.btn4_last.0
                0x20000003        0x1 CMakeFiles/stm32f103_aht20_baremetal.dir/main.c.obj
 .data.SystemCoreClock
                0x20000004        0x4 CMakeFiles/stm32f103_aht20_baremetal.dir/system_stm32f1xx.c.obj
                0x20000004                SystemCoreClock
 *(.RamFunc)
 *(.RamFunc*)
                0x20000008                        . = ALIGN (0x4)
                0x20000008                        _edata = .

.tm_clone_table
                0x20000008        0x0 load address 0x080005f4
 .tm_clone_table
                0x20000008        0x0 C:/PROGRA~2/ARMGNU~1/14EFD8~1.2RE/bin/../lib/gcc/arm-none-eabi/14.2.1/thumb/v7-m/nofp/crtbegin.o
 .tm_clone_table
                0x20000008        0x0 C:/PROGRA~2/ARMGNU~1/14EFD8~1.2RE/bin/../lib/gcc/arm-none-eabi/14.2.1/thumb/v7-m/nofp/crtend.o

.igot.plt       0x20000008        0x0 load address 0x080005f4
 .igot.plt      0x20000008        0x0 C:/PROGRA~2/ARMGNU~1/14EFD8~1.2RE/bin/../lib/gcc/arm-none-eabi/14.2.1/thumb/v7-m/nofp/crtbegin.o
                0x20000008                        . = ALIGN (0x4)

.bss            0x20000008       0x1c load address 0x080005f4
                0x20000008                        _sbss = .
                0x20000008                        __bss_start__ = _sbss
 *(.bss)
 *(.bss*)
 .bss.completed.1
                0x20000008        0x1 C:/PROGRA~2/ARMGNU~1/14EFD8~1.2RE/bin/../lib/gcc/arm-none-eabi/14.2.1/thumb/v7-m/nofp/crtbegin.o
 *fill*         0x20000009        0x3 
 .bss.object.0  0x2000000c       0x18 C:/PROGRA~2/ARMGNU~1/14EFD8~1.2RE/bin/../lib/gcc/arm-none-eabi/14.2.1/thumb/v7-m/nofp/crtbegin.o
 *(COMMON)
                0x20000024                        . = ALIGN (0x4)
                0x20000024                        _ebss = .
                0x20000024                        __bss_end__ = _ebss

._user_heap_stack
                0x20000024      0x604 load address 0x080005f4
                0x20000028                        . = ALIGN (0x8)
 *fill*         0x20000024        0x4 
                [!provide]                        PROVIDE (end = .)
                [!provide]                        PROVIDE (_end = .)
                0x20000228                        . = (. + _Min_Heap_Size)
 *fill*         0x20000028      0x200 
                0x20000628                        . = (. + _Min_Stack_Size)
 *fill*         0x20000228      0x400 
                0x20000628                        . = ALIGN (0x8)

/DISCARD/
 libc.a(*)
 libm.a(*)
 libgcc.a(*)
OUTPUT(stm32f103_aht20_baremetal.elf elf32-littlearm)
LOAD linker stubs
LOAD C:/PROGRA~2/ARMGNU~1/14EFD8~1.2RE/bin/../lib/gcc/arm-none-eabi/14.2.1/thumb/v7-m/nofp\libc.a
LOAD C:/PROGRA~2/ARMGNU~1/14EFD8~1.2RE/bin/../lib/gcc/arm-none-eabi/14.2.1/thumb/v7-m/nofp\libm.a
LOAD C:/PROGRA~2/ARMGNU~1/14EFD8~1.2RE/bin/../lib/gcc/arm-none-eabi/14.2.1/thumb/v7-m/nofp\libgcc.a

.ARM.attributes
                0x00000000       0x29
 .ARM.attributes
                0x00000000       0x1d C:/PROGRA~2/ARMGNU~1/14EFD8~1.2RE/bin/../lib/gcc/arm-none-eabi/14.2.1/thumb/v7-m/nofp/crti.o
 .ARM.attributes
                0x0000001d       0x2d C:/PROGRA~2/ARMGNU~1/14EFD8~1.2RE/bin/../lib/gcc/arm-none-eabi/14.2.1/thumb/v7-m/nofp/crtbegin.o
 .ARM.attributes
                0x0000004a       0x2d C:/PROGRA~2/ARMGNU~1/14EFD8~1.2RE/bin/../lib/gcc/arm-none-eabi/14.2.1/thumb/v7-m/nofp\libc_nano.a(libc_a-init.o)
 .ARM.attributes
                0x00000077       0x2d CMakeFiles/stm32f103_aht20_baremetal.dir/main.c.obj
 .ARM.attributes
                0x000000a4       0x21 CMakeFiles/stm32f103_aht20_baremetal.dir/startup_stm32f103xb.s.obj
 .ARM.attributes
                0x000000c5       0x2d CMakeFiles/stm32f103_aht20_baremetal.dir/system_stm32f1xx.c.obj
 .ARM.attributes
                0x000000f2       0x2d C:/PROGRA~2/ARMGNU~1/14EFD8~1.2RE/bin/../lib/gcc/arm-none-eabi/14.2.1/thumb/v7-m/nofp/crtend.o
 .ARM.attributes
                0x0000011f       0x1d C:/PROGRA~2/ARMGNU~1/14EFD8~1.2RE/bin/../lib/gcc/arm-none-eabi/14.2.1/thumb/v7-m/nofp/crtn.o

.comment        0x00000000       0x45
 .comment       0x00000000       0x45 CMakeFiles/stm32f103_aht20_baremetal.dir/main.c.obj
                                 0x46 (size before relaxing)
 .comment       0x00000045       0x46 CMakeFiles/stm32f103_aht20_baremetal.dir/system_stm32f1xx.c.obj

.debug_frame    0x00000000      0x108
 .debug_frame   0x00000000       0x2c C:/PROGRA~2/ARMGNU~1/14EFD8~1.2RE/bin/../lib/gcc/arm-none-eabi/14.2.1/thumb/v7-m/nofp\libc_nano.a(libc_a-init.o)
 .debug_frame   0x0000002c       0x7c CMakeFiles/stm32f103_aht20_baremetal.dir/main.c.obj
 .debug_frame   0x000000a8       0x60 CMakeFiles/stm32f103_aht20_baremetal.dir/system_stm32f1xx.c.obj

.debug_info     0x00000000      0x58c
 .debug_info    0x00000000      0x33b CMakeFiles/stm32f103_aht20_baremetal.dir/main.c.obj
 .debug_info    0x0000033b       0x30 CMakeFiles/stm32f103_aht20_baremetal.dir/startup_stm32f103xb.s.obj
 .debug_info    0x0000036b      0x221 CMakeFiles/stm32f103_aht20_baremetal.dir/system_stm32f1xx.c.obj

.debug_abbrev   0x00000000      0x233
 .debug_abbrev  0x00000000      0x10c CMakeFiles/stm32f103_aht20_baremetal.dir/main.c.obj
 .debug_abbrev  0x0000010c       0x24 CMakeFiles/stm32f103_aht20_baremetal.dir/startup_stm32f103xb.s.obj
 .debug_abbrev  0x00000130      0x103 CMakeFiles/stm32f103_aht20_baremetal.dir/system_stm32f1xx.c.obj

.debug_aranges  0x00000000       0x80
 .debug_aranges
                0x00000000       0x30 CMakeFiles/stm32f103_aht20_baremetal.dir/main.c.obj
 .debug_aranges
                0x00000030       0x28 CMakeFiles/stm32f103_aht20_baremetal.dir/startup_stm32f103xb.s.obj
 .debug_aranges
                0x00000058       0x28 CMakeFiles/stm32f103_aht20_baremetal.dir/system_stm32f1xx.c.obj

.debug_rnglists
                0x00000000       0x55
 .debug_rnglists
                0x00000000       0x21 CMakeFiles/stm32f103_aht20_baremetal.dir/main.c.obj
 .debug_rnglists
                0x00000021       0x19 CMakeFiles/stm32f103_aht20_baremetal.dir/startup_stm32f103xb.s.obj
 .debug_rnglists
                0x0000003a       0x1b CMakeFiles/stm32f103_aht20_baremetal.dir/system_stm32f1xx.c.obj

.debug_macro    0x00000000     0xff63
 .debug_macro   0x00000000       0xad CMakeFiles/stm32f103_aht20_baremetal.dir/main.c.obj
 .debug_macro   0x000000ad      0xad2 CMakeFiles/stm32f103_aht20_baremetal.dir/main.c.obj
 .debug_macro   0x00000b7f       0x22 CMakeFiles/stm32f103_aht20_baremetal.dir/main.c.obj
 .debug_macro   0x00000ba1       0x22 CMakeFiles/stm32f103_aht20_baremetal.dir/main.c.obj
 .debug_macro   0x00000bc3       0x8e CMakeFiles/stm32f103_aht20_baremetal.dir/main.c.obj
 .debug_macro   0x00000c51       0x51 CMakeFiles/stm32f103_aht20_baremetal.dir/main.c.obj
 .debug_macro   0x00000ca2      0x103 CMakeFiles/stm32f103_aht20_baremetal.dir/main.c.obj
 .debug_macro   0x00000da5       0x6a CMakeFiles/stm32f103_aht20_baremetal.dir/main.c.obj
 .debug_macro   0x00000e0f      0x1df CMakeFiles/stm32f103_aht20_baremetal.dir/main.c.obj
 .debug_macro   0x00000fee       0x1c CMakeFiles/stm32f103_aht20_baremetal.dir/main.c.obj
 .debug_macro   0x0000100a       0x22 CMakeFiles/stm32f103_aht20_baremetal.dir/main.c.obj
 .debug_macro   0x0000102c       0xbd CMakeFiles/stm32f103_aht20_baremetal.dir/main.c.obj
 .debug_macro   0x000010e9      0xd23 CMakeFiles/stm32f103_aht20_baremetal.dir/main.c.obj
 .debug_macro   0x00001e0c     0xe09e CMakeFiles/stm32f103_aht20_baremetal.dir/main.c.obj
 .debug_macro   0x0000feaa       0xb9 CMakeFiles/stm32f103_aht20_baremetal.dir/system_stm32f1xx.c.obj

.debug_line     0x00000000      0x80d
 .debug_line    0x00000000      0x3dc CMakeFiles/stm32f103_aht20_baremetal.dir/main.c.obj
 .debug_line    0x000003dc       0x78 CMakeFiles/stm32f103_aht20_baremetal.dir/startup_stm32f103xb.s.obj
 .debug_line    0x00000454      0x3b9 CMakeFiles/stm32f103_aht20_baremetal.dir/system_stm32f1xx.c.obj

.debug_str      0x00000000    0x53fdd
 .debug_str     0x00000000    0x53fdd CMakeFiles/stm32f103_aht20_baremetal.dir/main.c.obj
                              0x540a1 (size before relaxing)
 .debug_str     0x00053fdd       0xa8 CMakeFiles/stm32f103_aht20_baremetal.dir/startup_stm32f103xb.s.obj
 .debug_str     0x00053fdd    0x54086 CMakeFiles/stm32f103_aht20_baremetal.dir/system_stm32f1xx.c.obj

.debug_line_str
                0x00000000       0x8c
 .debug_line_str
                0x00000000       0x8c CMakeFiles/stm32f103_aht20_baremetal.dir/startup_stm32f103xb.s.obj
